C:\ws\becauseimclever\src\BecauseImClever.Client\Pages\Admin\PostEditorBase.cs(9,1): error SA1208: Using directive for 'System.Net.Http' should appear before directive for 'Microsoft.JSInterop' (https://github.com/DotNetAnalyzers/StyleCopAnalyzers/blob/master/documentation/SA1208.md) [C:\ws\becauseimclever\src\BecauseImClever.Client\BecauseImClever.Client.csproj]
C:\ws\becauseimclever\src\BecauseImClever.Client\Pages\Admin\PostEditorBase.cs(10,1): error SA1208: Using directive for 'System.Net.Http.Json' should appear before directive for 'Microsoft.JSInterop' (https://github.com/DotNetAnalyzers/StyleCopAnalyzers/blob/master/documentation/SA1208.md) [C:\ws\becauseimclever\src\BecauseImClever.Client\BecauseImClever.Client.csproj]
C:\ws\becauseimclever\src\BecauseImClever.Client\Layout\SidebarBase.cs(20,42): error SA1201: A field should not follow a property (https://github.com/DotNetAnalyzers/StyleCopAnalyzers/blob/master/documentation/SA1201.md) [C:\ws\becauseimclever\src\BecauseImClever.Client\BecauseImClever.Client.csproj]
C:\ws\becauseimclever\src\BecauseImClever.Client\Components\ConsentBannerBase.cs(19,20): error SA1201: A field should not follow a property (https://github.com/DotNetAnalyzers/StyleCopAnalyzers/blob/master/documentation/SA1201.md) [C:\ws\becauseimclever\src\BecauseImClever.Client\BecauseImClever.Client.csproj]
C:\ws\becauseimclever\src\BecauseImClever.Client\Layout\MainLayoutBase.cs(20,22): error SA1201: A field should not follow a property (https://github.com/DotNetAnalyzers/StyleCopAnalyzers/blob/master/documentation/SA1201.md) [C:\ws\becauseimclever\src\BecauseImClever.Client\BecauseImClever.Client.csproj]
C:\ws\becauseimclever\src\BecauseImClever.Client\Components\ConsentBannerBase.cs(19,20): error SA1401: Field should be private (https://github.com/DotNetAnalyzers/StyleCopAnalyzers/blob/master/documentation/SA1401.md) [C:\ws\becauseimclever\src\BecauseImClever.Client\BecauseImClever.Client.csproj]
C:\ws\becauseimclever\src\BecauseImClever.Client\Layout\SidebarBase.cs(20,42): error SA1401: Field should be private (https://github.com/DotNetAnalyzers/StyleCopAnalyzers/blob/master/documentation/SA1401.md) [C:\ws\becauseimclever\src\BecauseImClever.Client\BecauseImClever.Client.csproj]
C:\ws\becauseimclever\src\BecauseImClever.Client\Layout\MainLayoutBase.cs(20,22): error SA1401: Field should be private (https://github.com/DotNetAnalyzers/StyleCopAnalyzers/blob/master/documentation/SA1401.md) [C:\ws\becauseimclever\src\BecauseImClever.Client\BecauseImClever.Client.csproj]
C:\ws\becauseimclever\src\BecauseImClever.Client\Layout\MainLayoutBase.cs(25,36): error SA1401: Field should be private (https://github.com/DotNetAnalyzers/StyleCopAnalyzers/blob/master/documentation/SA1401.md) [C:\ws\becauseimclever\src\BecauseImClever.Client\BecauseImClever.Client.csproj]
C:\ws\becauseimclever\src\BecauseImClever.Client\Layout\AdminLayoutBase.cs(28,22): error SA1201: A field should not follow a property (https://github.com/DotNetAnalyzers/StyleCopAnalyzers/blob/master/documentation/SA1201.md) [C:\ws\becauseimclever\src\BecauseImClever.Client\BecauseImClever.Client.csproj]
C:\ws\becauseimclever\src\BecauseImClever.Client\Layout\AdminLayoutBase.cs(40,20): error SA1202: 'protected' members should come before 'private' members (https://github.com/DotNetAnalyzers/StyleCopAnalyzers/blob/master/documentation/SA1202.md) [C:\ws\becauseimclever\src\BecauseImClever.Client\BecauseImClever.Client.csproj]
C:\ws\becauseimclever\src\BecauseImClever.Client\Layout\AdminLayoutBase.cs(70,22): error SA1202: 'protected' members should come before 'private' members (https://github.com/DotNetAnalyzers/StyleCopAnalyzers/blob/master/documentation/SA1202.md) [C:\ws\becauseimclever\src\BecauseImClever.Client\BecauseImClever.Client.csproj]
C:\ws\becauseimclever\src\BecauseImClever.Client\Layout\AdminLayoutBase.cs(99,17): error SA1202: 'public' members should come before 'protected' members (https://github.com/DotNetAnalyzers/StyleCopAnalyzers/blob/master/documentation/SA1202.md) [C:\ws\becauseimclever\src\BecauseImClever.Client\BecauseImClever.Client.csproj]
C:\ws\becauseimclever\src\BecauseImClever.Client\Layout\AdminLayoutBase.cs(28,22): error SA1401: Field should be private (https://github.com/DotNetAnalyzers/StyleCopAnalyzers/blob/master/documentation/SA1401.md) [C:\ws\becauseimclever\src\BecauseImClever.Client\BecauseImClever.Client.csproj]
C:\ws\becauseimclever\src\BecauseImClever.Client\Components\DataDeletionFormBase.cs(22,20): error SA1201: A field should not follow a property (https://github.com/DotNetAnalyzers/StyleCopAnalyzers/blob/master/documentation/SA1201.md) [C:\ws\becauseimclever\src\BecauseImClever.Client\BecauseImClever.Client.csproj]
C:\ws\becauseimclever\src\BecauseImClever.Client\Layout\AdminLayoutBase.cs(33,36): error SA1401: Field should be private (https://github.com/DotNetAnalyzers/StyleCopAnalyzers/blob/master/documentation/SA1401.md) [C:\ws\becauseimclever\src\BecauseImClever.Client\BecauseImClever.Client.csproj]
C:\ws\becauseimclever\src\BecauseImClever.Client\Layout\AdminLayoutBase.cs(40,20): error SA1401: Field should be private (https://github.com/DotNetAnalyzers/StyleCopAnalyzers/blob/master/documentation/SA1401.md) [C:\ws\becauseimclever\src\BecauseImClever.Client\BecauseImClever.Client.csproj]
C:\ws\becauseimclever\src\BecauseImClever.Client\Components\DataDeletionFormBase.cs(22,20): error SA1401: Field should be private (https://github.com/DotNetAnalyzers/StyleCopAnalyzers/blob/master/documentation/SA1401.md) [C:\ws\becauseimclever\src\BecauseImClever.Client\BecauseImClever.Client.csproj]
C:\ws\becauseimclever\src\BecauseImClever.Client\Components\DataDeletionFormBase.cs(27,31): error SA1401: Field should be private (https://github.com/DotNetAnalyzers/StyleCopAnalyzers/blob/master/documentation/SA1401.md) [C:\ws\becauseimclever\src\BecauseImClever.Client\BecauseImClever.Client.csproj]
C:\ws\becauseimclever\src\BecauseImClever.Client\Components\ImageUploadDialogBase.cs(142,9): error SA1515: Single-line comment should be preceded by blank line (https://github.com/DotNetAnalyzers/StyleCopAnalyzers/blob/master/documentation/SA1515.md) [C:\ws\becauseimclever\src\BecauseImClever.Client\BecauseImClever.Client.csproj]
C:\ws\becauseimclever\src\BecauseImClever.Client\Components\ImageUploadDialogBase.cs(44,34): error SA1201: A field should not follow a property (https://github.com/DotNetAnalyzers/StyleCopAnalyzers/blob/master/documentation/SA1201.md) [C:\ws\becauseimclever\src\BecauseImClever.Client\BecauseImClever.Client.csproj]
C:\ws\becauseimclever\src\BecauseImClever.Client\Components\ImageUploadDialogBase.cs(27,20): error SA1202: 'public' members should come before 'private' members (https://github.com/DotNetAnalyzers/StyleCopAnalyzers/blob/master/documentation/SA1202.md) [C:\ws\becauseimclever\src\BecauseImClever.Client\BecauseImClever.Client.csproj]
C:\ws\becauseimclever\src\BecauseImClever.Client\Components\ImageUploadDialogBase.cs(102,26): error SA1202: 'protected' members should come before 'private' members (https://github.com/DotNetAnalyzers/StyleCopAnalyzers/blob/master/documentation/SA1202.md) [C:\ws\becauseimclever\src\BecauseImClever.Client\BecauseImClever.Client.csproj]
C:\ws\becauseimclever\src\BecauseImClever.Client\Components\ImageUploadDialogBase.cs(49,29): error SA1401: Field should be private (https://github.com/DotNetAnalyzers/StyleCopAnalyzers/blob/master/documentation/SA1401.md) [C:\ws\becauseimclever\src\BecauseImClever.Client\BecauseImClever.Client.csproj]
C:\ws\becauseimclever\src\BecauseImClever.Client\Components\ImageUploadDialogBase.cs(44,34): error SA1401: Field should be private (https://github.com/DotNetAnalyzers/StyleCopAnalyzers/blob/master/documentation/SA1401.md) [C:\ws\becauseimclever\src\BecauseImClever.Client\BecauseImClever.Client.csproj]
C:\ws\becauseimclever\src\BecauseImClever.Client\Components\ImageUploadDialogBase.cs(54,23): error SA1401: Field should be private (https://github.com/DotNetAnalyzers/StyleCopAnalyzers/blob/master/documentation/SA1401.md) [C:\ws\becauseimclever\src\BecauseImClever.Client\BecauseImClever.Client.csproj]
C:\ws\becauseimclever\src\BecauseImClever.Client\Components\ImageUploadDialogBase.cs(59,22): error SA1401: Field should be private (https://github.com/DotNetAnalyzers/StyleCopAnalyzers/blob/master/documentation/SA1401.md) [C:\ws\becauseimclever\src\BecauseImClever.Client\BecauseImClever.Client.csproj]
C:\ws\becauseimclever\src\BecauseImClever.Client\Components\ImageUploadDialogBase.cs(64,23): error SA1401: Field should be private (https://github.com/DotNetAnalyzers/StyleCopAnalyzers/blob/master/documentation/SA1401.md) [C:\ws\becauseimclever\src\BecauseImClever.Client\BecauseImClever.Client.csproj]
C:\ws\becauseimclever\src\BecauseImClever.Client\Components\ImageUploadDialogBase.cs(69,20): error SA1401: Field should be private (https://github.com/DotNetAnalyzers/StyleCopAnalyzers/blob/master/documentation/SA1401.md) [C:\ws\becauseimclever\src\BecauseImClever.Client\BecauseImClever.Client.csproj]
C:\ws\becauseimclever\src\BecauseImClever.Client\Components\ImageUploadDialogBase.cs(74,20): error SA1401: Field should be private (https://github.com/DotNetAnalyzers/StyleCopAnalyzers/blob/master/documentation/SA1401.md) [C:\ws\becauseimclever\src\BecauseImClever.Client\BecauseImClever.Client.csproj]
C:\ws\becauseimclever\src\BecauseImClever.Client\Components\MarkdownEditorBase.cs(80,20): error SA1201: A field should not follow a property (https://github.com/DotNetAnalyzers/StyleCopAnalyzers/blob/master/documentation/SA1201.md) [C:\ws\becauseimclever\src\BecauseImClever.Client\BecauseImClever.Client.csproj]
C:\ws\becauseimclever\src\BecauseImClever.Client\Components\MarkdownEditorBase.cs(389,20): error SA1201: A enum should not follow a method (https://github.com/DotNetAnalyzers/StyleCopAnalyzers/blob/master/documentation/SA1201.md) [C:\ws\becauseimclever\src\BecauseImClever.Client\BecauseImClever.Client.csproj]
C:\ws\becauseimclever\src\BecauseImClever.Client\Components\MarkdownEditorBase.cs(30,19): error SA1202: 'public' members should come before 'private' members (https://github.com/DotNetAnalyzers/StyleCopAnalyzers/blob/master/documentation/SA1202.md) [C:\ws\becauseimclever\src\BecauseImClever.Client\BecauseImClever.Client.csproj]
C:\ws\becauseimclever\src\BecauseImClever.Client\Components\MarkdownEditorBase.cs(112,35): error SA1202: 'protected' members should come before 'private' members (https://github.com/DotNetAnalyzers/StyleCopAnalyzers/blob/master/documentation/SA1202.md) [C:\ws\becauseimclever\src\BecauseImClever.Client\BecauseImClever.Client.csproj]
C:\ws\becauseimclever\src\BecauseImClever.Client\Components\MarkdownEditorBase.cs(134,28): error SA1202: 'public' members should come before 'protected' members (https://github.com/DotNetAnalyzers/StyleCopAnalyzers/blob/master/documentation/SA1202.md) [C:\ws\becauseimclever\src\BecauseImClever.Client\BecauseImClever.Client.csproj]
C:\ws\becauseimclever\src\BecauseImClever.Client\Components\MarkdownEditorBase.cs(238,26): error SA1202: 'protected' members should come before 'private' members (https://github.com/DotNetAnalyzers/StyleCopAnalyzers/blob/master/documentation/SA1202.md) [C:\ws\becauseimclever\src\BecauseImClever.Client\BecauseImClever.Client.csproj]
C:\ws\becauseimclever\src\BecauseImClever.Client\Components\MarkdownEditorBase.cs(80,20): error SA1401: Field should be private (https://github.com/DotNetAnalyzers/StyleCopAnalyzers/blob/master/documentation/SA1401.md) [C:\ws\becauseimclever\src\BecauseImClever.Client\BecauseImClever.Client.csproj]
C:\ws\becauseimclever\src\BecauseImClever.Client\Components\MarkdownEditorBase.cs(85,20): error SA1401: Field should be private (https://github.com/DotNetAnalyzers/StyleCopAnalyzers/blob/master/documentation/SA1401.md) [C:\ws\becauseimclever\src\BecauseImClever.Client\BecauseImClever.Client.csproj]
C:\ws\becauseimclever\src\BecauseImClever.Client\Components\MarkdownEditorBase.cs(90,20): error SA1401: Field should be private (https://github.com/DotNetAnalyzers/StyleCopAnalyzers/blob/master/documentation/SA1401.md) [C:\ws\becauseimclever\src\BecauseImClever.Client\BecauseImClever.Client.csproj]
C:\ws\becauseimclever\src\BecauseImClever.Client\Pages\Admin\DashboardBase.cs(23,31): error SA1401: Field should be private (https://github.com/DotNetAnalyzers/StyleCopAnalyzers/blob/master/documentation/SA1401.md) [C:\ws\becauseimclever\src\BecauseImClever.Client\BecauseImClever.Client.csproj]
C:\ws\becauseimclever\src\BecauseImClever.Client\Pages\Admin\DashboardBase.cs(23,31): error SA1201: A field should not follow a property (https://github.com/DotNetAnalyzers/StyleCopAnalyzers/blob/master/documentation/SA1201.md) [C:\ws\becauseimclever\src\BecauseImClever.Client\BecauseImClever.Client.csproj]
C:\ws\becauseimclever\src\BecauseImClever.Client\Pages\Admin\DashboardBase.cs(33,23): error SA1401: Field should be private (https://github.com/DotNetAnalyzers/StyleCopAnalyzers/blob/master/documentation/SA1401.md) [C:\ws\becauseimclever\src\BecauseImClever.Client\BecauseImClever.Client.csproj]
C:\ws\becauseimclever\src\BecauseImClever.Client\Pages\Admin\DashboardBase.cs(28,20): error SA1401: Field should be private (https://github.com/DotNetAnalyzers/StyleCopAnalyzers/blob/master/documentation/SA1401.md) [C:\ws\becauseimclever\src\BecauseImClever.Client\BecauseImClever.Client.csproj]
C:\ws\becauseimclever\src\BecauseImClever.Client\Pages\ClockBase.cs(15,24): error SA1401: Field should be private (https://github.com/DotNetAnalyzers/StyleCopAnalyzers/blob/master/documentation/SA1401.md) [C:\ws\becauseimclever\src\BecauseImClever.Client\BecauseImClever.Client.csproj]
C:\ws\becauseimclever\src\BecauseImClever.Client\Pages\BlogBase.cs(24,30): error SA1201: A field should not follow a property (https://github.com/DotNetAnalyzers/StyleCopAnalyzers/blob/master/documentation/SA1201.md) [C:\ws\becauseimclever\src\BecauseImClever.Client\BecauseImClever.Client.csproj]
C:\ws\becauseimclever\src\BecauseImClever.Client\Pages\BlogBase.cs(61,23): error SA1202: 'public' members should come before 'protected' members (https://github.com/DotNetAnalyzers/StyleCopAnalyzers/blob/master/documentation/SA1202.md) [C:\ws\becauseimclever\src\BecauseImClever.Client\BecauseImClever.Client.csproj]
C:\ws\becauseimclever\src\BecauseImClever.Client\Pages\BlogBase.cs(95,17): error SA1202: 'public' members should come before 'private' members (https://github.com/DotNetAnalyzers/StyleCopAnalyzers/blob/master/documentation/SA1202.md) [C:\ws\becauseimclever\src\BecauseImClever.Client\BecauseImClever.Client.csproj]
C:\ws\becauseimclever\src\BecauseImClever.Client\Pages\BlogBase.cs(37,23): error SA1203: Constant fields should appear before non-constant fields (https://github.com/DotNetAnalyzers/StyleCopAnalyzers/blob/master/documentation/SA1203.md) [C:\ws\becauseimclever\src\BecauseImClever.Client\BecauseImClever.Client.csproj]
C:\ws\becauseimclever\src\BecauseImClever.Client\Pages\ClockBase.cs(40,20): error SA1202: 'protected' members should come before 'private' members (https://github.com/DotNetAnalyzers/StyleCopAnalyzers/blob/master/documentation/SA1202.md) [C:\ws\becauseimclever\src\BecauseImClever.Client\BecauseImClever.Client.csproj]
C:\ws\becauseimclever\src\BecauseImClever.Client\Pages\ClockBase.cs(83,17): error SA1202: 'public' members should come before 'protected' members (https://github.com/DotNetAnalyzers/StyleCopAnalyzers/blob/master/documentation/SA1202.md) [C:\ws\becauseimclever\src\BecauseImClever.Client\BecauseImClever.Client.csproj]
C:\ws\becauseimclever\src\BecauseImClever.Client\Pages\Admin\ExtensionStatisticsBase.cs(25,20): error SA1401: Field should be private (https://github.com/DotNetAnalyzers/StyleCopAnalyzers/blob/master/documentation/SA1401.md) [C:\ws\becauseimclever\src\BecauseImClever.Client\BecauseImClever.Client.csproj]
C:\ws\becauseimclever\src\BecauseImClever.Client\Pages\ContactBase.cs(36,23): error SA1401: Field should be private (https://github.com/DotNetAnalyzers/StyleCopAnalyzers/blob/master/documentation/SA1401.md) [C:\ws\becauseimclever\src\BecauseImClever.Client\BecauseImClever.Client.csproj]
C:\ws\becauseimclever\src\BecauseImClever.Client\Pages\HomeBase.cs(20,38): error SA1401: Field should be private (https://github.com/DotNetAnalyzers/StyleCopAnalyzers/blob/master/documentation/SA1401.md) [C:\ws\becauseimclever\src\BecauseImClever.Client\BecauseImClever.Client.csproj]
C:\ws\becauseimclever\src\BecauseImClever.Client\Pages\ContactBase.cs(21,30): error SA1201: A field should not follow a property (https://github.com/DotNetAnalyzers/StyleCopAnalyzers/blob/master/documentation/SA1201.md) [C:\ws\becauseimclever\src\BecauseImClever.Client\BecauseImClever.Client.csproj]
C:\ws\becauseimclever\src\BecauseImClever.Client\Pages\Admin\ExtensionStatisticsBase.cs(20,44): error SA1401: Field should be private (https://github.com/DotNetAnalyzers/StyleCopAnalyzers/blob/master/documentation/SA1401.md) [C:\ws\becauseimclever\src\BecauseImClever.Client\BecauseImClever.Client.csproj]
C:\ws\becauseimclever\src\BecauseImClever.Client\Pages\ClockBase.cs(20,28): error SA1401: Field should be private (https://github.com/DotNetAnalyzers/StyleCopAnalyzers/blob/master/documentation/SA1401.md) [C:\ws\becauseimclever\src\BecauseImClever.Client\BecauseImClever.Client.csproj]
C:\ws\becauseimclever\src\BecauseImClever.Client\Pages\BlogBase.cs(24,30): error SA1401: Field should be private (https://github.com/DotNetAnalyzers/StyleCopAnalyzers/blob/master/documentation/SA1401.md) [C:\ws\becauseimclever\src\BecauseImClever.Client\BecauseImClever.Client.csproj]
C:\ws\becauseimclever\src\BecauseImClever.Client\Pages\BlogBase.cs(29,20): error SA1401: Field should be private (https://github.com/DotNetAnalyzers/StyleCopAnalyzers/blob/master/documentation/SA1401.md) [C:\ws\becauseimclever\src\BecauseImClever.Client\BecauseImClever.Client.csproj]
C:\ws\becauseimclever\src\BecauseImClever.Client\Pages\BlogBase.cs(34,20): error SA1401: Field should be private (https://github.com/DotNetAnalyzers/StyleCopAnalyzers/blob/master/documentation/SA1401.md) [C:\ws\becauseimclever\src\BecauseImClever.Client\BecauseImClever.Client.csproj]
C:\ws\becauseimclever\src\BecauseImClever.Client\Pages\Admin\SettingsBase.cs(24,32): error SA1201: A field should not follow a property (https://github.com/DotNetAnalyzers/StyleCopAnalyzers/blob/master/documentation/SA1201.md) [C:\ws\becauseimclever\src\BecauseImClever.Client\BecauseImClever.Client.csproj]
C:\ws\becauseimclever\src\BecauseImClever.Client\Pages\Admin\SettingsBase.cs(114,20): error SA1202: 'protected' members should come before 'private' members (https://github.com/DotNetAnalyzers/StyleCopAnalyzers/blob/master/documentation/SA1202.md) [C:\ws\becauseimclever\src\BecauseImClever.Client\BecauseImClever.Client.csproj]
C:\ws\becauseimclever\src\BecauseImClever.Client\Pages\PostBase.cs(26,25): error SA1201: A field should not follow a property (https://github.com/DotNetAnalyzers/StyleCopAnalyzers/blob/master/documentation/SA1201.md) [C:\ws\becauseimclever\src\BecauseImClever.Client\BecauseImClever.Client.csproj]
C:\ws\becauseimclever\src\BecauseImClever.Client\Pages\PostBase.cs(21,19): error SA1202: 'public' members should come before 'private' members (https://github.com/DotNetAnalyzers/StyleCopAnalyzers/blob/master/documentation/SA1202.md) [C:\ws\becauseimclever\src\BecauseImClever.Client\BecauseImClever.Client.csproj]
C:\ws\becauseimclever\src\BecauseImClever.Client\Pages\Admin\SettingsBase.cs(24,32): error SA1401: Field should be private (https://github.com/DotNetAnalyzers/StyleCopAnalyzers/blob/master/documentation/SA1401.md) [C:\ws\becauseimclever\src\BecauseImClever.Client\BecauseImClever.Client.csproj]
C:\ws\becauseimclever\src\BecauseImClever.Client\Pages\Admin\SettingsBase.cs(29,20): error SA1401: Field should be private (https://github.com/DotNetAnalyzers/StyleCopAnalyzers/blob/master/documentation/SA1401.md) [C:\ws\becauseimclever\src\BecauseImClever.Client\BecauseImClever.Client.csproj]
C:\ws\becauseimclever\src\BecauseImClever.Client\Pages\Admin\SettingsBase.cs(34,20): error SA1401: Field should be private (https://github.com/DotNetAnalyzers/StyleCopAnalyzers/blob/master/documentation/SA1401.md) [C:\ws\becauseimclever\src\BecauseImClever.Client\BecauseImClever.Client.csproj]
C:\ws\becauseimclever\src\BecauseImClever.Client\Pages\Admin\SettingsBase.cs(39,23): error SA1401: Field should be private (https://github.com/DotNetAnalyzers/StyleCopAnalyzers/blob/master/documentation/SA1401.md) [C:\ws\becauseimclever\src\BecauseImClever.Client\BecauseImClever.Client.csproj]
C:\ws\becauseimclever\src\BecauseImClever.Client\Pages\ProjectsBase.cs(20,37): error SA1201: A field should not follow a property (https://github.com/DotNetAnalyzers/StyleCopAnalyzers/blob/master/documentation/SA1201.md) [C:\ws\becauseimclever\src\BecauseImClever.Client\BecauseImClever.Client.csproj]
C:\ws\becauseimclever\src\BecauseImClever.Client\Pages\Admin\SettingsBase.cs(44,20): error SA1401: Field should be private (https://github.com/DotNetAnalyzers/StyleCopAnalyzers/blob/master/documentation/SA1401.md) [C:\ws\becauseimclever\src\BecauseImClever.Client\BecauseImClever.Client.csproj]
C:\ws\becauseimclever\src\BecauseImClever.Client\Pages\Admin\SettingsBase.cs(49,22): error SA1401: Field should be private (https://github.com/DotNetAnalyzers/StyleCopAnalyzers/blob/master/documentation/SA1401.md) [C:\ws\becauseimclever\src\BecauseImClever.Client\BecauseImClever.Client.csproj]
C:\ws\becauseimclever\src\BecauseImClever.Client\Pages\Admin\SettingsBase.cs(54,22): error SA1401: Field should be private (https://github.com/DotNetAnalyzers/StyleCopAnalyzers/blob/master/documentation/SA1401.md) [C:\ws\becauseimclever\src\BecauseImClever.Client\BecauseImClever.Client.csproj]
C:\ws\becauseimclever\src\BecauseImClever.Client\Pages\Admin\ExtensionStatisticsBase.cs(20,44): error SA1201: A field should not follow a property (https://github.com/DotNetAnalyzers/StyleCopAnalyzers/blob/master/documentation/SA1201.md) [C:\ws\becauseimclever\src\BecauseImClever.Client\BecauseImClever.Client.csproj]
C:\ws\becauseimclever\src\BecauseImClever.Client\Pages\Admin\ExtensionStatisticsBase.cs(45,29): error SA1204: Static members should appear before non-static members (https://github.com/DotNetAnalyzers/StyleCopAnalyzers/blob/master/documentation/SA1204.md) [C:\ws\becauseimclever\src\BecauseImClever.Client\BecauseImClever.Client.csproj]
C:\ws\becauseimclever\src\BecauseImClever.Client\Pages\Admin\SettingsBase.cs(59,20): error SA1401: Field should be private (https://github.com/DotNetAnalyzers/StyleCopAnalyzers/blob/master/documentation/SA1401.md) [C:\ws\becauseimclever\src\BecauseImClever.Client\BecauseImClever.Client.csproj]
C:\ws\becauseimclever\src\BecauseImClever.Client\Pages\Admin\SettingsBase.cs(64,23): error SA1401: Field should be private (https://github.com/DotNetAnalyzers/StyleCopAnalyzers/blob/master/documentation/SA1401.md) [C:\ws\becauseimclever\src\BecauseImClever.Client\BecauseImClever.Client.csproj]
C:\ws\becauseimclever\src\BecauseImClever.Client\Pages\ProjectsBase.cs(20,37): error SA1401: Field should be private (https://github.com/DotNetAnalyzers/StyleCopAnalyzers/blob/master/documentation/SA1401.md) [C:\ws\becauseimclever\src\BecauseImClever.Client\BecauseImClever.Client.csproj]
C:\ws\becauseimclever\src\BecauseImClever.Client\Pages\PostBase.cs(31,20): error SA1401: Field should be private (https://github.com/DotNetAnalyzers/StyleCopAnalyzers/blob/master/documentation/SA1401.md) [C:\ws\becauseimclever\src\BecauseImClever.Client\BecauseImClever.Client.csproj]
C:\ws\becauseimclever\src\BecauseImClever.Client\Pages\PostBase.cs(26,25): error SA1401: Field should be private (https://github.com/DotNetAnalyzers/StyleCopAnalyzers/blob/master/documentation/SA1401.md) [C:\ws\becauseimclever\src\BecauseImClever.Client\BecauseImClever.Client.csproj]
C:\ws\becauseimclever\src\BecauseImClever.Client\Pages\Admin\PostsBase.cs(25,38): error SA1201: A field should not follow a property (https://github.com/DotNetAnalyzers/StyleCopAnalyzers/blob/master/documentation/SA1201.md) [C:\ws\becauseimclever\src\BecauseImClever.Client\BecauseImClever.Client.csproj]
C:\ws\becauseimclever\src\BecauseImClever.Client\Pages\Admin\PostsBase.cs(93,20): error SA1202: 'protected' members should come before 'private' members (https://github.com/DotNetAnalyzers/StyleCopAnalyzers/blob/master/documentation/SA1202.md) [C:\ws\becauseimclever\src\BecauseImClever.Client\BecauseImClever.Client.csproj]
C:\ws\becauseimclever\src\BecauseImClever.Client\Pages\Admin\PostsBase.cs(25,38): error SA1401: Field should be private (https://github.com/DotNetAnalyzers/StyleCopAnalyzers/blob/master/documentation/SA1401.md) [C:\ws\becauseimclever\src\BecauseImClever.Client\BecauseImClever.Client.csproj]
C:\ws\becauseimclever\src\BecauseImClever.Client\Pages\Admin\PostsBase.cs(30,45): error SA1401: Field should be private (https://github.com/DotNetAnalyzers/StyleCopAnalyzers/blob/master/documentation/SA1401.md) [C:\ws\becauseimclever\src\BecauseImClever.Client\BecauseImClever.Client.csproj]
C:\ws\becauseimclever\src\BecauseImClever.Client\Pages\Admin\PostsBase.cs(35,31): error SA1401: Field should be private (https://github.com/DotNetAnalyzers/StyleCopAnalyzers/blob/master/documentation/SA1401.md) [C:\ws\becauseimclever\src\BecauseImClever.Client\BecauseImClever.Client.csproj]
C:\ws\becauseimclever\src\BecauseImClever.Client\Pages\Admin\PostsBase.cs(40,20): error SA1401: Field should be private (https://github.com/DotNetAnalyzers/StyleCopAnalyzers/blob/master/documentation/SA1401.md) [C:\ws\becauseimclever\src\BecauseImClever.Client\BecauseImClever.Client.csproj]
C:\ws\becauseimclever\src\BecauseImClever.Client\Pages\Admin\PostsBase.cs(45,23): error SA1401: Field should be private (https://github.com/DotNetAnalyzers/StyleCopAnalyzers/blob/master/documentation/SA1401.md) [C:\ws\becauseimclever\src\BecauseImClever.Client\BecauseImClever.Client.csproj]
C:\ws\becauseimclever\src\BecauseImClever.Client\Pages\Admin\PostsBase.cs(50,23): error SA1401: Field should be private (https://github.com/DotNetAnalyzers/StyleCopAnalyzers/blob/master/documentation/SA1401.md) [C:\ws\becauseimclever\src\BecauseImClever.Client\BecauseImClever.Client.csproj]
C:\ws\becauseimclever\src\BecauseImClever.Client\Pages\Admin\PostsBase.cs(55,22): error SA1401: Field should be private (https://github.com/DotNetAnalyzers/StyleCopAnalyzers/blob/master/documentation/SA1401.md) [C:\ws\becauseimclever\src\BecauseImClever.Client\BecauseImClever.Client.csproj]
C:\ws\becauseimclever\src\BecauseImClever.Client\Pages\Admin\PostsBase.cs(60,22): error SA1401: Field should be private (https://github.com/DotNetAnalyzers/StyleCopAnalyzers/blob/master/documentation/SA1401.md) [C:\ws\becauseimclever\src\BecauseImClever.Client\BecauseImClever.Client.csproj]
C:\ws\becauseimclever\src\BecauseImClever.Client\Pages\ContactBase.cs(21,30): error SA1401: Field should be private (https://github.com/DotNetAnalyzers/StyleCopAnalyzers/blob/master/documentation/SA1401.md) [C:\ws\becauseimclever\src\BecauseImClever.Client\BecauseImClever.Client.csproj]
C:\ws\becauseimclever\src\BecauseImClever.Client\Pages\Admin\PostEditorBase.cs(42,23): error SA1401: Field should be private (https://github.com/DotNetAnalyzers/StyleCopAnalyzers/blob/master/documentation/SA1401.md) [C:\ws\becauseimclever\src\BecauseImClever.Client\BecauseImClever.Client.csproj]
C:\ws\becauseimclever\src\BecauseImClever.Client\Pages\Admin\PostEditorBase.cs(35,31): error SA1201: A field should not follow a property (https://github.com/DotNetAnalyzers/StyleCopAnalyzers/blob/master/documentation/SA1201.md) [C:\ws\becauseimclever\src\BecauseImClever.Client\BecauseImClever.Client.csproj]
C:\ws\becauseimclever\src\BecauseImClever.Client\Pages\Admin\PostEditorBase.cs(30,20): error SA1202: 'public' members should come before 'private' members (https://github.com/DotNetAnalyzers/StyleCopAnalyzers/blob/master/documentation/SA1202.md) [C:\ws\becauseimclever\src\BecauseImClever.Client\BecauseImClever.Client.csproj]
C:\ws\becauseimclever\src\BecauseImClever.Client\Pages\Admin\PostEditorBase.cs(42,23): error SA1202: 'protected' members should come before 'private' members (https://github.com/DotNetAnalyzers/StyleCopAnalyzers/blob/master/documentation/SA1202.md) [C:\ws\becauseimclever\src\BecauseImClever.Client\BecauseImClever.Client.csproj]
C:\ws\becauseimclever\src\BecauseImClever.Client\Pages\Admin\PostEditorBase.cs(85,23): error SA1202: 'protected' members should come before 'private' members (https://github.com/DotNetAnalyzers/StyleCopAnalyzers/blob/master/documentation/SA1202.md) [C:\ws\becauseimclever\src\BecauseImClever.Client\BecauseImClever.Client.csproj]
C:\ws\becauseimclever\src\BecauseImClever.Client\Pages\Admin\PostEditorBase.cs(110,28): error SA1202: 'protected' members should come before 'private' members (https://github.com/DotNetAnalyzers/StyleCopAnalyzers/blob/master/documentation/SA1202.md) [C:\ws\becauseimclever\src\BecauseImClever.Client\BecauseImClever.Client.csproj]
C:\ws\becauseimclever\src\BecauseImClever.Client\Pages\Admin\PostEditorBase.cs(232,20): error SA1202: 'protected' members should come before 'private' members (https://github.com/DotNetAnalyzers/StyleCopAnalyzers/blob/master/documentation/SA1202.md) [C:\ws\becauseimclever\src\BecauseImClever.Client\BecauseImClever.Client.csproj]
C:\ws\becauseimclever\src\BecauseImClever.Client\Pages\Admin\PostEditorBase.cs(392,22): error SA1202: 'protected' members should come before 'private' members (https://github.com/DotNetAnalyzers/StyleCopAnalyzers/blob/master/documentation/SA1202.md) [C:\ws\becauseimclever\src\BecauseImClever.Client\BecauseImClever.Client.csproj]
C:\ws\becauseimclever\src\BecauseImClever.Client\Pages\Admin\PostEditorBase.cs(425,17): error SA1202: 'public' members should come before 'protected' members (https://github.com/DotNetAnalyzers/StyleCopAnalyzers/blob/master/documentation/SA1202.md) [C:\ws\becauseimclever\src\BecauseImClever.Client\BecauseImClever.Client.csproj]
C:\ws\becauseimclever\src\BecauseImClever.Client\Pages\Admin\PostEditorBase.cs(473,20): error SA1202: 'protected' members should come before 'private' members (https://github.com/DotNetAnalyzers/StyleCopAnalyzers/blob/master/documentation/SA1202.md) [C:\ws\becauseimclever\src\BecauseImClever.Client\BecauseImClever.Client.csproj]
C:\ws\becauseimclever\src\BecauseImClever.Client\Pages\Admin\PostEditorBase.cs(515,20): error SA1202: 'protected' members should come before 'private' members (https://github.com/DotNetAnalyzers/StyleCopAnalyzers/blob/master/documentation/SA1202.md) [C:\ws\becauseimclever\src\BecauseImClever.Client\BecauseImClever.Client.csproj]
C:\ws\becauseimclever\src\BecauseImClever.Client\Pages\Admin\PostEditorBase.cs(842,17): error SA1202: 'public' members should come before 'private' members (https://github.com/DotNetAnalyzers/StyleCopAnalyzers/blob/master/documentation/SA1202.md) [C:\ws\becauseimclever\src\BecauseImClever.Client\BecauseImClever.Client.csproj]
C:\ws\becauseimclever\src\BecauseImClever.Client\Pages\Admin\PostEditorBase.cs(80,23): error SA1203: Constant fields should appear before non-constant fields (https://github.com/DotNetAnalyzers/StyleCopAnalyzers/blob/master/documentation/SA1203.md) [C:\ws\becauseimclever\src\BecauseImClever.Client\BecauseImClever.Client.csproj]
C:\ws\becauseimclever\src\BecauseImClever.Client\Pages\Admin\PostEditorBase.cs(103,23): error SA1203: Constant fields should appear before non-constant fields (https://github.com/DotNetAnalyzers/StyleCopAnalyzers/blob/master/documentation/SA1203.md) [C:\ws\becauseimclever\src\BecauseImClever.Client\BecauseImClever.Client.csproj]
C:\ws\becauseimclever\src\BecauseImClever.Client\Pages\Admin\PostEditorBase.cs(47,20): error SA1401: Field should be private (https://github.com/DotNetAnalyzers/StyleCopAnalyzers/blob/master/documentation/SA1401.md) [C:\ws\becauseimclever\src\BecauseImClever.Client\BecauseImClever.Client.csproj]
C:\ws\becauseimclever\src\BecauseImClever.Client\Pages\Admin\PostEditorBase.cs(353,28): error SA1204: Static members should appear before non-static members (https://github.com/DotNetAnalyzers/StyleCopAnalyzers/blob/master/documentation/SA1204.md) [C:\ws\becauseimclever\src\BecauseImClever.Client\BecauseImClever.Client.csproj]
C:\ws\becauseimclever\src\BecauseImClever.Client\Pages\Admin\PostEditorBase.cs(723,29): error SA1204: Static members should appear before non-static members (https://github.com/DotNetAnalyzers/StyleCopAnalyzers/blob/master/documentation/SA1204.md) [C:\ws\becauseimclever\src\BecauseImClever.Client\BecauseImClever.Client.csproj]
C:\ws\becauseimclever\src\BecauseImClever.Client\Pages\Admin\PostEditorBase.cs(813,36): error SA1204: Static members should appear before non-static members (https://github.com/DotNetAnalyzers/StyleCopAnalyzers/blob/master/documentation/SA1204.md) [C:\ws\becauseimclever\src\BecauseImClever.Client\BecauseImClever.Client.csproj]
C:\ws\becauseimclever\src\BecauseImClever.Client\Pages\Admin\PostEditorBase.cs(52,20): error SA1401: Field should be private (https://github.com/DotNetAnalyzers/StyleCopAnalyzers/blob/master/documentation/SA1401.md) [C:\ws\becauseimclever\src\BecauseImClever.Client\BecauseImClever.Client.csproj]
C:\ws\becauseimclever\src\BecauseImClever.Client\Pages\Admin\PostEditorBase.cs(62,20): error SA1401: Field should be private (https://github.com/DotNetAnalyzers/StyleCopAnalyzers/blob/master/documentation/SA1401.md) [C:\ws\becauseimclever\src\BecauseImClever.Client\BecauseImClever.Client.csproj]
C:\ws\becauseimclever\src\BecauseImClever.Client\Pages\Admin\PostEditorBase.cs(57,20): error SA1401: Field should be private (https://github.com/DotNetAnalyzers/StyleCopAnalyzers/blob/master/documentation/SA1401.md) [C:\ws\becauseimclever\src\BecauseImClever.Client\BecauseImClever.Client.csproj]
C:\ws\becauseimclever\src\BecauseImClever.Client\Pages\Admin\PostEditorBase.cs(67,20): error SA1401: Field should be private (https://github.com/DotNetAnalyzers/StyleCopAnalyzers/blob/master/documentation/SA1401.md) [C:\ws\becauseimclever\src\BecauseImClever.Client\BecauseImClever.Client.csproj]
C:\ws\becauseimclever\src\BecauseImClever.Client\Pages\Admin\PostEditorBase.cs(72,20): error SA1401: Field should be private (https://github.com/DotNetAnalyzers/StyleCopAnalyzers/blob/master/documentation/SA1401.md) [C:\ws\becauseimclever\src\BecauseImClever.Client\BecauseImClever.Client.csproj]
C:\ws\becauseimclever\src\BecauseImClever.Client\Pages\Admin\PostEditorBase.cs(77,25): error SA1401: Field should be private (https://github.com/DotNetAnalyzers/StyleCopAnalyzers/blob/master/documentation/SA1401.md) [C:\ws\becauseimclever\src\BecauseImClever.Client\BecauseImClever.Client.csproj]
C:\ws\becauseimclever\src\BecauseImClever.Client\Pages\Admin\PostEditorBase.cs(85,23): error SA1401: Field should be private (https://github.com/DotNetAnalyzers/StyleCopAnalyzers/blob/master/documentation/SA1401.md) [C:\ws\becauseimclever\src\BecauseImClever.Client\BecauseImClever.Client.csproj]
C:\ws\becauseimclever\src\BecauseImClever.Client\Pages\Admin\PostEditorBase.cs(90,23): error SA1401: Field should be private (https://github.com/DotNetAnalyzers/StyleCopAnalyzers/blob/master/documentation/SA1401.md) [C:\ws\becauseimclever\src\BecauseImClever.Client\BecauseImClever.Client.csproj]
C:\ws\becauseimclever\src\BecauseImClever.Client\Pages\Admin\PostEditorBase.cs(95,20): error SA1401: Field should be private (https://github.com/DotNetAnalyzers/StyleCopAnalyzers/blob/master/documentation/SA1401.md) [C:\ws\becauseimclever\src\BecauseImClever.Client\BecauseImClever.Client.csproj]
C:\ws\becauseimclever\src\BecauseImClever.Client\Pages\Admin\PostEditorBase.cs(100,20): error SA1401: Field should be private (https://github.com/DotNetAnalyzers/StyleCopAnalyzers/blob/master/documentation/SA1401.md) [C:\ws\becauseimclever\src\BecauseImClever.Client\BecauseImClever.Client.csproj]
C:\ws\becauseimclever\src\BecauseImClever.Client\Pages\Admin\PostEditorBase.cs(110,28): error SA1401: Field should be private (https://github.com/DotNetAnalyzers/StyleCopAnalyzers/blob/master/documentation/SA1401.md) [C:\ws\becauseimclever\src\BecauseImClever.Client\BecauseImClever.Client.csproj]
C:\ws\becauseimclever\src\BecauseImClever.Client\Pages\Admin\PostEditorBase.cs(115,20): error SA1401: Field should be private (https://github.com/DotNetAnalyzers/StyleCopAnalyzers/blob/master/documentation/SA1401.md) [C:\ws\becauseimclever\src\BecauseImClever.Client\BecauseImClever.Client.csproj]
C:\ws\becauseimclever\src\BecauseImClever.Client\Pages\Admin\PostEditorBase.cs(120,20): error SA1401: Field should be private (https://github.com/DotNetAnalyzers/StyleCopAnalyzers/blob/master/documentation/SA1401.md) [C:\ws\becauseimclever\src\BecauseImClever.Client\BecauseImClever.Client.csproj]
C:\ws\becauseimclever\src\BecauseImClever.Client\Pages\Admin\PostEditorBase.cs(125,20): error SA1401: Field should be private (https://github.com/DotNetAnalyzers/StyleCopAnalyzers/blob/master/documentation/SA1401.md) [C:\ws\becauseimclever\src\BecauseImClever.Client\BecauseImClever.Client.csproj]
C:\ws\becauseimclever\src\BecauseImClever.Client\Pages\Admin\PostEditorBase.cs(127,54): error SA1311: Static readonly fields should begin with upper-case letter (https://github.com/DotNetAnalyzers/StyleCopAnalyzers/blob/master/documentation/SA1311.md) [C:\ws\becauseimclever\src\BecauseImClever.Client\BecauseImClever.Client.csproj]
C:\ws\becauseimclever\src\BecauseImClever.Client\Pages\Admin\PostEditorBase.cs(137,20): error SA1300: Element 'hasUnsavedChanges' should begin with an uppercase letter (https://github.com/DotNetAnalyzers/StyleCopAnalyzers/blob/master/documentation/SA1300.md) [C:\ws\becauseimclever\src\BecauseImClever.Client\BecauseImClever.Client.csproj]
C:\ws\becauseimclever\src\BecauseImClever.Client\Pages\ContactBase.cs(26,20): error SA1401: Field should be private (https://github.com/DotNetAnalyzers/StyleCopAnalyzers/blob/master/documentation/SA1401.md) [C:\ws\becauseimclever\src\BecauseImClever.Client\BecauseImClever.Client.csproj]
C:\ws\becauseimclever\src\BecauseImClever.Client\Pages\ContactBase.cs(31,20): error SA1401: Field should be private (https://github.com/DotNetAnalyzers/StyleCopAnalyzers/blob/master/documentation/SA1401.md) [C:\ws\becauseimclever\src\BecauseImClever.Client\BecauseImClever.Client.csproj]
C:\ws\becauseimclever\src\BecauseImClever.Client\Pages\Admin\PostEditorBase.cs(35,31): error SA1401: Field should be private (https://github.com/DotNetAnalyzers/StyleCopAnalyzers/blob/master/documentation/SA1401.md) [C:\ws\becauseimclever\src\BecauseImClever.Client\BecauseImClever.Client.csproj]
C:\ws\becauseimclever\src\BecauseImClever.Client\Pages\HomeBase.cs(20,38): error SA1201: A field should not follow a property (https://github.com/DotNetAnalyzers/StyleCopAnalyzers/blob/master/documentation/SA1201.md) [C:\ws\becauseimclever\src\BecauseImClever.Client\BecauseImClever.Client.csproj]
C:\ws\becauseimclever\src\BecauseImClever.Client\Components\ExtensionWarningBannerBase.cs(36,39): error SA1401: Field should be private (https://github.com/DotNetAnalyzers/StyleCopAnalyzers/blob/master/documentation/SA1401.md) [C:\ws\becauseimclever\src\BecauseImClever.Client\BecauseImClever.Client.csproj]
C:\ws\becauseimclever\src\BecauseImClever.Client\Components\ExtensionWarningBannerBase.cs(41,20): error SA1401: Field should be private (https://github.com/DotNetAnalyzers/StyleCopAnalyzers/blob/master/documentation/SA1401.md) [C:\ws\becauseimclever\src\BecauseImClever.Client\BecauseImClever.Client.csproj]
C:\ws\becauseimclever\src\BecauseImClever.Client\Components\ExtensionWarningBannerBase.cs(36,39): error SA1201: A field should not follow a property (https://github.com/DotNetAnalyzers/StyleCopAnalyzers/blob/master/documentation/SA1201.md) [C:\ws\becauseimclever\src\BecauseImClever.Client\BecauseImClever.Client.csproj]
C:\ws\becauseimclever\src\BecauseImClever.Client\Components\ExtensionWarningBannerBase.cs(112,26): error SA1202: 'protected' members should come before 'private' members (https://github.com/DotNetAnalyzers/StyleCopAnalyzers/blob/master/documentation/SA1202.md) [C:\ws\becauseimclever\src\BecauseImClever.Client\BecauseImClever.Client.csproj]
C:\ws\becauseimclever\src\BecauseImClever.Client\Components\ConsentBannerBase.cs(31,21): error SA1615: Element return value should be documented (https://github.com/DotNetAnalyzers/StyleCopAnalyzers/blob/master/documentation/SA1615.md) [C:\ws\becauseimclever\src\BecauseImClever.Client\BecauseImClever.Client.csproj]
C:\ws\becauseimclever\src\BecauseImClever.Client\Components\ConsentBannerBase.cs(40,21): error SA1615: Element return value should be documented (https://github.com/DotNetAnalyzers/StyleCopAnalyzers/blob/master/documentation/SA1615.md) [C:\ws\becauseimclever\src\BecauseImClever.Client\BecauseImClever.Client.csproj]
C:\ws\becauseimclever\src\BecauseImClever.Client\Layout\AdminLayoutBase.cs(89,21): error SA1615: Element return value should be documented (https://github.com/DotNetAnalyzers/StyleCopAnalyzers/blob/master/documentation/SA1615.md) [C:\ws\becauseimclever\src\BecauseImClever.Client\BecauseImClever.Client.csproj]
C:\ws\becauseimclever\src\BecauseImClever.Client\Layout\MainLayoutBase.cs(39,21): error SA1615: Element return value should be documented (https://github.com/DotNetAnalyzers/StyleCopAnalyzers/blob/master/documentation/SA1615.md) [C:\ws\becauseimclever\src\BecauseImClever.Client\BecauseImClever.Client.csproj]
C:\ws\becauseimclever\src\BecauseImClever.Client\Components\DataDeletionFormBase.cs(32,21): error SA1615: Element return value should be documented (https://github.com/DotNetAnalyzers/StyleCopAnalyzers/blob/master/documentation/SA1615.md) [C:\ws\becauseimclever\src\BecauseImClever.Client\BecauseImClever.Client.csproj]
C:\ws\becauseimclever\src\BecauseImClever.Client\Components\ExtensionWarningBannerBase.cs(112,21): error SA1615: Element return value should be documented (https://github.com/DotNetAnalyzers/StyleCopAnalyzers/blob/master/documentation/SA1615.md) [C:\ws\becauseimclever\src\BecauseImClever.Client\BecauseImClever.Client.csproj]
C:\ws\becauseimclever\src\BecauseImClever.Client\Components\ImageUploadDialogBase.cs(102,21): error SA1615: Element return value should be documented (https://github.com/DotNetAnalyzers/StyleCopAnalyzers/blob/master/documentation/SA1615.md) [C:\ws\becauseimclever\src\BecauseImClever.Client\BecauseImClever.Client.csproj]
C:\ws\becauseimclever\src\BecauseImClever.Client\Components\ImageUploadDialogBase.cs(115,15): error CA2022: Avoid inexact read with 'System.IO.Stream.ReadAsync(System.Memory<byte>, System.Threading.CancellationToken)' (https://learn.microsoft.com/dotnet/fundamentals/code-analysis/quality-rules/ca2022) [C:\ws\becauseimclever\src\BecauseImClever.Client\BecauseImClever.Client.csproj]
C:\ws\becauseimclever\src\BecauseImClever.Client\Pages\ContactBase.cs(41,21): error SA1615: Element return value should be documented (https://github.com/DotNetAnalyzers/StyleCopAnalyzers/blob/master/documentation/SA1615.md) [C:\ws\becauseimclever\src\BecauseImClever.Client\BecauseImClever.Client.csproj]
C:\ws\becauseimclever\src\BecauseImClever.Client\Components\ImageUploadDialogBase.cs(139,21): error SA1615: Element return value should be documented (https://github.com/DotNetAnalyzers/StyleCopAnalyzers/blob/master/documentation/SA1615.md) [C:\ws\becauseimclever\src\BecauseImClever.Client\BecauseImClever.Client.csproj]
C:\ws\becauseimclever\src\BecauseImClever.Client\Pages\ClockBase.cs(56,25): error SA1407: Arithmetic expressions should declare precedence (https://github.com/DotNetAnalyzers/StyleCopAnalyzers/blob/master/documentation/SA1407.md) [C:\ws\becauseimclever\src\BecauseImClever.Client\BecauseImClever.Client.csproj]
C:\ws\becauseimclever\src\BecauseImClever.Client\Pages\ClockBase.cs(56,61): error SA1407: Arithmetic expressions should declare precedence (https://github.com/DotNetAnalyzers/StyleCopAnalyzers/blob/master/documentation/SA1407.md) [C:\ws\becauseimclever\src\BecauseImClever.Client\BecauseImClever.Client.csproj]
C:\ws\becauseimclever\src\BecauseImClever.Client\Pages\ClockBase.cs(66,27): error SA1407: Arithmetic expressions should declare precedence (https://github.com/DotNetAnalyzers/StyleCopAnalyzers/blob/master/documentation/SA1407.md) [C:\ws\becauseimclever\src\BecauseImClever.Client\BecauseImClever.Client.csproj]
C:\ws\becauseimclever\src\BecauseImClever.Client\Pages\ClockBase.cs(66,57): error SA1407: Arithmetic expressions should declare precedence (https://github.com/DotNetAnalyzers/StyleCopAnalyzers/blob/master/documentation/SA1407.md) [C:\ws\becauseimclever\src\BecauseImClever.Client\BecauseImClever.Client.csproj]
C:\ws\becauseimclever\src\BecauseImClever.Client\Components\ImageUploadDialogBase.cs(160,21): error SA1615: Element return value should be documented (https://github.com/DotNetAnalyzers/StyleCopAnalyzers/blob/master/documentation/SA1615.md) [C:\ws\becauseimclever\src\BecauseImClever.Client\BecauseImClever.Client.csproj]
C:\ws\becauseimclever\src\BecauseImClever.Client\Components\ImageUploadDialogBase.cs(206,21): error SA1615: Element return value should be documented (https://github.com/DotNetAnalyzers/StyleCopAnalyzers/blob/master/documentation/SA1615.md) [C:\ws\becauseimclever\src\BecauseImClever.Client\BecauseImClever.Client.csproj]
C:\ws\becauseimclever\src\BecauseImClever.Client\Components\ImageUploadDialogBase.cs(216,21): error SA1615: Element return value should be documented (https://github.com/DotNetAnalyzers/StyleCopAnalyzers/blob/master/documentation/SA1615.md) [C:\ws\becauseimclever\src\BecauseImClever.Client\BecauseImClever.Client.csproj]
C:\ws\becauseimclever\src\BecauseImClever.Client\Components\ImageUploadDialogBase.cs(232,21): error SA1615: Element return value should be documented (https://github.com/DotNetAnalyzers/StyleCopAnalyzers/blob/master/documentation/SA1615.md) [C:\ws\becauseimclever\src\BecauseImClever.Client\BecauseImClever.Client.csproj]
C:\ws\becauseimclever\src\BecauseImClever.Client\Components\MarkdownEditorBase.cs(238,21): error SA1615: Element return value should be documented (https://github.com/DotNetAnalyzers/StyleCopAnalyzers/blob/master/documentation/SA1615.md) [C:\ws\becauseimclever\src\BecauseImClever.Client\BecauseImClever.Client.csproj]
C:\ws\becauseimclever\src\BecauseImClever.Client\Components\MarkdownEditorBase.cs(247,21): error SA1615: Element return value should be documented (https://github.com/DotNetAnalyzers/StyleCopAnalyzers/blob/master/documentation/SA1615.md) [C:\ws\becauseimclever\src\BecauseImClever.Client\BecauseImClever.Client.csproj]
C:\ws\becauseimclever\src\BecauseImClever.Client\Components\MarkdownEditorBase.cs(273,21): error SA1615: Element return value should be documented (https://github.com/DotNetAnalyzers/StyleCopAnalyzers/blob/master/documentation/SA1615.md) [C:\ws\becauseimclever\src\BecauseImClever.Client\BecauseImClever.Client.csproj]
C:\ws\becauseimclever\src\BecauseImClever.Client\Pages\Admin\SettingsBase.cs(139,21): error SA1615: Element return value should be documented (https://github.com/DotNetAnalyzers/StyleCopAnalyzers/blob/master/documentation/SA1615.md) [C:\ws\becauseimclever\src\BecauseImClever.Client\BecauseImClever.Client.csproj]
C:\ws\becauseimclever\src\BecauseImClever.Client\Components\MarkdownEditorBase.cs(291,21): error SA1615: Element return value should be documented (https://github.com/DotNetAnalyzers/StyleCopAnalyzers/blob/master/documentation/SA1615.md) [C:\ws\becauseimclever\src\BecauseImClever.Client\BecauseImClever.Client.csproj]
C:\ws\becauseimclever\src\BecauseImClever.Client\Pages\Admin\PostsBase.cs(122,21): error SA1615: Element return value should be documented (https://github.com/DotNetAnalyzers/StyleCopAnalyzers/blob/master/documentation/SA1615.md) [C:\ws\becauseimclever\src\BecauseImClever.Client\BecauseImClever.Client.csproj]
C:\ws\becauseimclever\src\BecauseImClever.Client\Pages\Admin\PostEditorBase.cs(269,21): error SA1615: Element return value should be documented (https://github.com/DotNetAnalyzers/StyleCopAnalyzers/blob/master/documentation/SA1615.md) [C:\ws\becauseimclever\src\BecauseImClever.Client\BecauseImClever.Client.csproj]
C:\ws\becauseimclever\src\BecauseImClever.Client\Components\MarkdownEditorBase.cs(337,21): error SA1615: Element return value should be documented (https://github.com/DotNetAnalyzers/StyleCopAnalyzers/blob/master/documentation/SA1615.md) [C:\ws\becauseimclever\src\BecauseImClever.Client\BecauseImClever.Client.csproj]
C:\ws\becauseimclever\src\BecauseImClever.Client\Components\MarkdownEditorBase.cs(345,41): error SA1122: Use string.Empty for empty strings (https://github.com/DotNetAnalyzers/StyleCopAnalyzers/blob/master/documentation/SA1122.md) [C:\ws\becauseimclever\src\BecauseImClever.Client\BecauseImClever.Client.csproj]
C:\ws\becauseimclever\src\BecauseImClever.Client\Components\MarkdownEditorBase.cs(346,42): error SA1122: Use string.Empty for empty strings (https://github.com/DotNetAnalyzers/StyleCopAnalyzers/blob/master/documentation/SA1122.md) [C:\ws\becauseimclever\src\BecauseImClever.Client\BecauseImClever.Client.csproj]
C:\ws\becauseimclever\src\BecauseImClever.Client\Components\MarkdownEditorBase.cs(347,43): error SA1122: Use string.Empty for empty strings (https://github.com/DotNetAnalyzers/StyleCopAnalyzers/blob/master/documentation/SA1122.md) [C:\ws\becauseimclever\src\BecauseImClever.Client\BecauseImClever.Client.csproj]
C:\ws\becauseimclever\src\BecauseImClever.Client\Components\MarkdownEditorBase.cs(352,44): error SA1122: Use string.Empty for empty strings (https://github.com/DotNetAnalyzers/StyleCopAnalyzers/blob/master/documentation/SA1122.md) [C:\ws\becauseimclever\src\BecauseImClever.Client\BecauseImClever.Client.csproj]
C:\ws\becauseimclever\src\BecauseImClever.Client\Components\MarkdownEditorBase.cs(353,49): error SA1122: Use string.Empty for empty strings (https://github.com/DotNetAnalyzers/StyleCopAnalyzers/blob/master/documentation/SA1122.md) [C:\ws\becauseimclever\src\BecauseImClever.Client\BecauseImClever.Client.csproj]
C:\ws\becauseimclever\src\BecauseImClever.Client\Components\MarkdownEditorBase.cs(354,52): error SA1122: Use string.Empty for empty strings (https://github.com/DotNetAnalyzers/StyleCopAnalyzers/blob/master/documentation/SA1122.md) [C:\ws\becauseimclever\src\BecauseImClever.Client\BecauseImClever.Client.csproj]
C:\ws\becauseimclever\src\BecauseImClever.Client\Components\MarkdownEditorBase.cs(355,19): error SA1122: Use string.Empty for empty strings (https://github.com/DotNetAnalyzers/StyleCopAnalyzers/blob/master/documentation/SA1122.md) [C:\ws\becauseimclever\src\BecauseImClever.Client\BecauseImClever.Client.csproj]
C:\ws\becauseimclever\src\BecauseImClever.Client\Components\MarkdownEditorBase.cs(355,23): error SA1122: Use string.Empty for empty strings (https://github.com/DotNetAnalyzers/StyleCopAnalyzers/blob/master/documentation/SA1122.md) [C:\ws\becauseimclever\src\BecauseImClever.Client\BecauseImClever.Client.csproj]
C:\ws\becauseimclever\src\BecauseImClever.Client\Components\MarkdownEditorBase.cs(355,27): error SA1122: Use string.Empty for empty strings (https://github.com/DotNetAnalyzers/StyleCopAnalyzers/blob/master/documentation/SA1122.md) [C:\ws\becauseimclever\src\BecauseImClever.Client\BecauseImClever.Client.csproj]
C:\ws\becauseimclever\src\BecauseImClever.Client\Components\MarkdownEditorBase.cs(373,21): error SA1615: Element return value should be documented (https://github.com/DotNetAnalyzers/StyleCopAnalyzers/blob/master/documentation/SA1615.md) [C:\ws\becauseimclever\src\BecauseImClever.Client\BecauseImClever.Client.csproj]
C:\ws\becauseimclever\src\BecauseImClever.Client\Components\MarkdownEditorBase.cs(381,21): error SA1615: Element return value should be documented (https://github.com/DotNetAnalyzers/StyleCopAnalyzers/blob/master/documentation/SA1615.md) [C:\ws\becauseimclever\src\BecauseImClever.Client\BecauseImClever.Client.csproj]
C:\ws\becauseimclever\src\BecauseImClever.Client\Pages\Admin\PostEditorBase.cs(588,21): error SA1615: Element return value should be documented (https://github.com/DotNetAnalyzers/StyleCopAnalyzers/blob/master/documentation/SA1615.md) [C:\ws\becauseimclever\src\BecauseImClever.Client\BecauseImClever.Client.csproj]
C:\ws\becauseimclever\src\BecauseImClever.Client\Pages\Admin\PostEditorBase.cs(736,21): error SA1615: Element return value should be documented (https://github.com/DotNetAnalyzers/StyleCopAnalyzers/blob/master/documentation/SA1615.md) [C:\ws\becauseimclever\src\BecauseImClever.Client\BecauseImClever.Client.csproj]

Build FAILED.

C:\ws\becauseimclever\src\BecauseImClever.Client\Pages\Admin\PostEditorBase.cs(9,1): error SA1208: Using directive for 'System.Net.Http' should appear before directive for 'Microsoft.JSInterop' (https://github.com/DotNetAnalyzers/StyleCopAnalyzers/blob/master/documentation/SA1208.md) [C:\ws\becauseimclever\src\BecauseImClever.Client\BecauseImClever.Client.csproj]
C:\ws\becauseimclever\src\BecauseImClever.Client\Pages\Admin\PostEditorBase.cs(10,1): error SA1208: Using directive for 'System.Net.Http.Json' should appear before directive for 'Microsoft.JSInterop' (https://github.com/DotNetAnalyzers/StyleCopAnalyzers/blob/master/documentation/SA1208.md) [C:\ws\becauseimclever\src\BecauseImClever.Client\BecauseImClever.Client.csproj]
C:\ws\becauseimclever\src\BecauseImClever.Client\Layout\SidebarBase.cs(20,42): error SA1201: A field should not follow a property (https://github.com/DotNetAnalyzers/StyleCopAnalyzers/blob/master/documentation/SA1201.md) [C:\ws\becauseimclever\src\BecauseImClever.Client\BecauseImClever.Client.csproj]
C:\ws\becauseimclever\src\BecauseImClever.Client\Components\ConsentBannerBase.cs(19,20): error SA1201: A field should not follow a property (https://github.com/DotNetAnalyzers/StyleCopAnalyzers/blob/master/documentation/SA1201.md) [C:\ws\becauseimclever\src\BecauseImClever.Client\BecauseImClever.Client.csproj]
C:\ws\becauseimclever\src\BecauseImClever.Client\Layout\MainLayoutBase.cs(20,22): error SA1201: A field should not follow a property (https://github.com/DotNetAnalyzers/StyleCopAnalyzers/blob/master/documentation/SA1201.md) [C:\ws\becauseimclever\src\BecauseImClever.Client\BecauseImClever.Client.csproj]
C:\ws\becauseimclever\src\BecauseImClever.Client\Components\ConsentBannerBase.cs(19,20): error SA1401: Field should be private (https://github.com/DotNetAnalyzers/StyleCopAnalyzers/blob/master/documentation/SA1401.md) [C:\ws\becauseimclever\src\BecauseImClever.Client\BecauseImClever.Client.csproj]
C:\ws\becauseimclever\src\BecauseImClever.Client\Layout\SidebarBase.cs(20,42): error SA1401: Field should be private (https://github.com/DotNetAnalyzers/StyleCopAnalyzers/blob/master/documentation/SA1401.md) [C:\ws\becauseimclever\src\BecauseImClever.Client\BecauseImClever.Client.csproj]
C:\ws\becauseimclever\src\BecauseImClever.Client\Layout\MainLayoutBase.cs(20,22): error SA1401: Field should be private (https://github.com/DotNetAnalyzers/StyleCopAnalyzers/blob/master/documentation/SA1401.md) [C:\ws\becauseimclever\src\BecauseImClever.Client\BecauseImClever.Client.csproj]
C:\ws\becauseimclever\src\BecauseImClever.Client\Layout\MainLayoutBase.cs(25,36): error SA1401: Field should be private (https://github.com/DotNetAnalyzers/StyleCopAnalyzers/blob/master/documentation/SA1401.md) [C:\ws\becauseimclever\src\BecauseImClever.Client\BecauseImClever.Client.csproj]
C:\ws\becauseimclever\src\BecauseImClever.Client\Layout\AdminLayoutBase.cs(28,22): error SA1201: A field should not follow a property (https://github.com/DotNetAnalyzers/StyleCopAnalyzers/blob/master/documentation/SA1201.md) [C:\ws\becauseimclever\src\BecauseImClever.Client\BecauseImClever.Client.csproj]
C:\ws\becauseimclever\src\BecauseImClever.Client\Layout\AdminLayoutBase.cs(40,20): error SA1202: 'protected' members should come before 'private' members (https://github.com/DotNetAnalyzers/StyleCopAnalyzers/blob/master/documentation/SA1202.md) [C:\ws\becauseimclever\src\BecauseImClever.Client\BecauseImClever.Client.csproj]
C:\ws\becauseimclever\src\BecauseImClever.Client\Layout\AdminLayoutBase.cs(70,22): error SA1202: 'protected' members should come before 'private' members (https://github.com/DotNetAnalyzers/StyleCopAnalyzers/blob/master/documentation/SA1202.md) [C:\ws\becauseimclever\src\BecauseImClever.Client\BecauseImClever.Client.csproj]
C:\ws\becauseimclever\src\BecauseImClever.Client\Layout\AdminLayoutBase.cs(99,17): error SA1202: 'public' members should come before 'protected' members (https://github.com/DotNetAnalyzers/StyleCopAnalyzers/blob/master/documentation/SA1202.md) [C:\ws\becauseimclever\src\BecauseImClever.Client\BecauseImClever.Client.csproj]
C:\ws\becauseimclever\src\BecauseImClever.Client\Layout\AdminLayoutBase.cs(28,22): error SA1401: Field should be private (https://github.com/DotNetAnalyzers/StyleCopAnalyzers/blob/master/documentation/SA1401.md) [C:\ws\becauseimclever\src\BecauseImClever.Client\BecauseImClever.Client.csproj]
C:\ws\becauseimclever\src\BecauseImClever.Client\Components\DataDeletionFormBase.cs(22,20): error SA1201: A field should not follow a property (https://github.com/DotNetAnalyzers/StyleCopAnalyzers/blob/master/documentation/SA1201.md) [C:\ws\becauseimclever\src\BecauseImClever.Client\BecauseImClever.Client.csproj]
C:\ws\becauseimclever\src\BecauseImClever.Client\Layout\AdminLayoutBase.cs(33,36): error SA1401: Field should be private (https://github.com/DotNetAnalyzers/StyleCopAnalyzers/blob/master/documentation/SA1401.md) [C:\ws\becauseimclever\src\BecauseImClever.Client\BecauseImClever.Client.csproj]
C:\ws\becauseimclever\src\BecauseImClever.Client\Layout\AdminLayoutBase.cs(40,20): error SA1401: Field should be private (https://github.com/DotNetAnalyzers/StyleCopAnalyzers/blob/master/documentation/SA1401.md) [C:\ws\becauseimclever\src\BecauseImClever.Client\BecauseImClever.Client.csproj]
C:\ws\becauseimclever\src\BecauseImClever.Client\Components\DataDeletionFormBase.cs(22,20): error SA1401: Field should be private (https://github.com/DotNetAnalyzers/StyleCopAnalyzers/blob/master/documentation/SA1401.md) [C:\ws\becauseimclever\src\BecauseImClever.Client\BecauseImClever.Client.csproj]
C:\ws\becauseimclever\src\BecauseImClever.Client\Components\DataDeletionFormBase.cs(27,31): error SA1401: Field should be private (https://github.com/DotNetAnalyzers/StyleCopAnalyzers/blob/master/documentation/SA1401.md) [C:\ws\becauseimclever\src\BecauseImClever.Client\BecauseImClever.Client.csproj]
C:\ws\becauseimclever\src\BecauseImClever.Client\Components\ImageUploadDialogBase.cs(142,9): error SA1515: Single-line comment should be preceded by blank line (https://github.com/DotNetAnalyzers/StyleCopAnalyzers/blob/master/documentation/SA1515.md) [C:\ws\becauseimclever\src\BecauseImClever.Client\BecauseImClever.Client.csproj]
C:\ws\becauseimclever\src\BecauseImClever.Client\Components\ImageUploadDialogBase.cs(44,34): error SA1201: A field should not follow a property (https://github.com/DotNetAnalyzers/StyleCopAnalyzers/blob/master/documentation/SA1201.md) [C:\ws\becauseimclever\src\BecauseImClever.Client\BecauseImClever.Client.csproj]
C:\ws\becauseimclever\src\BecauseImClever.Client\Components\ImageUploadDialogBase.cs(27,20): error SA1202: 'public' members should come before 'private' members (https://github.com/DotNetAnalyzers/StyleCopAnalyzers/blob/master/documentation/SA1202.md) [C:\ws\becauseimclever\src\BecauseImClever.Client\BecauseImClever.Client.csproj]
C:\ws\becauseimclever\src\BecauseImClever.Client\Components\ImageUploadDialogBase.cs(102,26): error SA1202: 'protected' members should come before 'private' members (https://github.com/DotNetAnalyzers/StyleCopAnalyzers/blob/master/documentation/SA1202.md) [C:\ws\becauseimclever\src\BecauseImClever.Client\BecauseImClever.Client.csproj]
C:\ws\becauseimclever\src\BecauseImClever.Client\Components\ImageUploadDialogBase.cs(49,29): error SA1401: Field should be private (https://github.com/DotNetAnalyzers/StyleCopAnalyzers/blob/master/documentation/SA1401.md) [C:\ws\becauseimclever\src\BecauseImClever.Client\BecauseImClever.Client.csproj]
C:\ws\becauseimclever\src\BecauseImClever.Client\Components\ImageUploadDialogBase.cs(44,34): error SA1401: Field should be private (https://github.com/DotNetAnalyzers/StyleCopAnalyzers/blob/master/documentation/SA1401.md) [C:\ws\becauseimclever\src\BecauseImClever.Client\BecauseImClever.Client.csproj]
C:\ws\becauseimclever\src\BecauseImClever.Client\Components\ImageUploadDialogBase.cs(54,23): error SA1401: Field should be private (https://github.com/DotNetAnalyzers/StyleCopAnalyzers/blob/master/documentation/SA1401.md) [C:\ws\becauseimclever\src\BecauseImClever.Client\BecauseImClever.Client.csproj]
C:\ws\becauseimclever\src\BecauseImClever.Client\Components\ImageUploadDialogBase.cs(59,22): error SA1401: Field should be private (https://github.com/DotNetAnalyzers/StyleCopAnalyzers/blob/master/documentation/SA1401.md) [C:\ws\becauseimclever\src\BecauseImClever.Client\BecauseImClever.Client.csproj]
C:\ws\becauseimclever\src\BecauseImClever.Client\Components\ImageUploadDialogBase.cs(64,23): error SA1401: Field should be private (https://github.com/DotNetAnalyzers/StyleCopAnalyzers/blob/master/documentation/SA1401.md) [C:\ws\becauseimclever\src\BecauseImClever.Client\BecauseImClever.Client.csproj]
C:\ws\becauseimclever\src\BecauseImClever.Client\Components\ImageUploadDialogBase.cs(69,20): error SA1401: Field should be private (https://github.com/DotNetAnalyzers/StyleCopAnalyzers/blob/master/documentation/SA1401.md) [C:\ws\becauseimclever\src\BecauseImClever.Client\BecauseImClever.Client.csproj]
C:\ws\becauseimclever\src\BecauseImClever.Client\Components\ImageUploadDialogBase.cs(74,20): error SA1401: Field should be private (https://github.com/DotNetAnalyzers/StyleCopAnalyzers/blob/master/documentation/SA1401.md) [C:\ws\becauseimclever\src\BecauseImClever.Client\BecauseImClever.Client.csproj]
C:\ws\becauseimclever\src\BecauseImClever.Client\Components\MarkdownEditorBase.cs(80,20): error SA1201: A field should not follow a property (https://github.com/DotNetAnalyzers/StyleCopAnalyzers/blob/master/documentation/SA1201.md) [C:\ws\becauseimclever\src\BecauseImClever.Client\BecauseImClever.Client.csproj]
C:\ws\becauseimclever\src\BecauseImClever.Client\Components\MarkdownEditorBase.cs(389,20): error SA1201: A enum should not follow a method (https://github.com/DotNetAnalyzers/StyleCopAnalyzers/blob/master/documentation/SA1201.md) [C:\ws\becauseimclever\src\BecauseImClever.Client\BecauseImClever.Client.csproj]
C:\ws\becauseimclever\src\BecauseImClever.Client\Components\MarkdownEditorBase.cs(30,19): error SA1202: 'public' members should come before 'private' members (https://github.com/DotNetAnalyzers/StyleCopAnalyzers/blob/master/documentation/SA1202.md) [C:\ws\becauseimclever\src\BecauseImClever.Client\BecauseImClever.Client.csproj]
C:\ws\becauseimclever\src\BecauseImClever.Client\Components\MarkdownEditorBase.cs(112,35): error SA1202: 'protected' members should come before 'private' members (https://github.com/DotNetAnalyzers/StyleCopAnalyzers/blob/master/documentation/SA1202.md) [C:\ws\becauseimclever\src\BecauseImClever.Client\BecauseImClever.Client.csproj]
C:\ws\becauseimclever\src\BecauseImClever.Client\Components\MarkdownEditorBase.cs(134,28): error SA1202: 'public' members should come before 'protected' members (https://github.com/DotNetAnalyzers/StyleCopAnalyzers/blob/master/documentation/SA1202.md) [C:\ws\becauseimclever\src\BecauseImClever.Client\BecauseImClever.Client.csproj]
C:\ws\becauseimclever\src\BecauseImClever.Client\Components\MarkdownEditorBase.cs(238,26): error SA1202: 'protected' members should come before 'private' members (https://github.com/DotNetAnalyzers/StyleCopAnalyzers/blob/master/documentation/SA1202.md) [C:\ws\becauseimclever\src\BecauseImClever.Client\BecauseImClever.Client.csproj]
C:\ws\becauseimclever\src\BecauseImClever.Client\Components\MarkdownEditorBase.cs(80,20): error SA1401: Field should be private (https://github.com/DotNetAnalyzers/StyleCopAnalyzers/blob/master/documentation/SA1401.md) [C:\ws\becauseimclever\src\BecauseImClever.Client\BecauseImClever.Client.csproj]
C:\ws\becauseimclever\src\BecauseImClever.Client\Components\MarkdownEditorBase.cs(85,20): error SA1401: Field should be private (https://github.com/DotNetAnalyzers/StyleCopAnalyzers/blob/master/documentation/SA1401.md) [C:\ws\becauseimclever\src\BecauseImClever.Client\BecauseImClever.Client.csproj]
C:\ws\becauseimclever\src\BecauseImClever.Client\Components\MarkdownEditorBase.cs(90,20): error SA1401: Field should be private (https://github.com/DotNetAnalyzers/StyleCopAnalyzers/blob/master/documentation/SA1401.md) [C:\ws\becauseimclever\src\BecauseImClever.Client\BecauseImClever.Client.csproj]
C:\ws\becauseimclever\src\BecauseImClever.Client\Pages\Admin\DashboardBase.cs(23,31): error SA1401: Field should be private (https://github.com/DotNetAnalyzers/StyleCopAnalyzers/blob/master/documentation/SA1401.md) [C:\ws\becauseimclever\src\BecauseImClever.Client\BecauseImClever.Client.csproj]
C:\ws\becauseimclever\src\BecauseImClever.Client\Pages\Admin\DashboardBase.cs(23,31): error SA1201: A field should not follow a property (https://github.com/DotNetAnalyzers/StyleCopAnalyzers/blob/master/documentation/SA1201.md) [C:\ws\becauseimclever\src\BecauseImClever.Client\BecauseImClever.Client.csproj]
C:\ws\becauseimclever\src\BecauseImClever.Client\Pages\Admin\DashboardBase.cs(33,23): error SA1401: Field should be private (https://github.com/DotNetAnalyzers/StyleCopAnalyzers/blob/master/documentation/SA1401.md) [C:\ws\becauseimclever\src\BecauseImClever.Client\BecauseImClever.Client.csproj]
C:\ws\becauseimclever\src\BecauseImClever.Client\Pages\Admin\DashboardBase.cs(28,20): error SA1401: Field should be private (https://github.com/DotNetAnalyzers/StyleCopAnalyzers/blob/master/documentation/SA1401.md) [C:\ws\becauseimclever\src\BecauseImClever.Client\BecauseImClever.Client.csproj]
C:\ws\becauseimclever\src\BecauseImClever.Client\Pages\ClockBase.cs(15,24): error SA1401: Field should be private (https://github.com/DotNetAnalyzers/StyleCopAnalyzers/blob/master/documentation/SA1401.md) [C:\ws\becauseimclever\src\BecauseImClever.Client\BecauseImClever.Client.csproj]
C:\ws\becauseimclever\src\BecauseImClever.Client\Pages\BlogBase.cs(24,30): error SA1201: A field should not follow a property (https://github.com/DotNetAnalyzers/StyleCopAnalyzers/blob/master/documentation/SA1201.md) [C:\ws\becauseimclever\src\BecauseImClever.Client\BecauseImClever.Client.csproj]
C:\ws\becauseimclever\src\BecauseImClever.Client\Pages\BlogBase.cs(61,23): error SA1202: 'public' members should come before 'protected' members (https://github.com/DotNetAnalyzers/StyleCopAnalyzers/blob/master/documentation/SA1202.md) [C:\ws\becauseimclever\src\BecauseImClever.Client\BecauseImClever.Client.csproj]
C:\ws\becauseimclever\src\BecauseImClever.Client\Pages\BlogBase.cs(95,17): error SA1202: 'public' members should come before 'private' members (https://github.com/DotNetAnalyzers/StyleCopAnalyzers/blob/master/documentation/SA1202.md) [C:\ws\becauseimclever\src\BecauseImClever.Client\BecauseImClever.Client.csproj]
C:\ws\becauseimclever\src\BecauseImClever.Client\Pages\BlogBase.cs(37,23): error SA1203: Constant fields should appear before non-constant fields (https://github.com/DotNetAnalyzers/StyleCopAnalyzers/blob/master/documentation/SA1203.md) [C:\ws\becauseimclever\src\BecauseImClever.Client\BecauseImClever.Client.csproj]
C:\ws\becauseimclever\src\BecauseImClever.Client\Pages\ClockBase.cs(40,20): error SA1202: 'protected' members should come before 'private' members (https://github.com/DotNetAnalyzers/StyleCopAnalyzers/blob/master/documentation/SA1202.md) [C:\ws\becauseimclever\src\BecauseImClever.Client\BecauseImClever.Client.csproj]
C:\ws\becauseimclever\src\BecauseImClever.Client\Pages\ClockBase.cs(83,17): error SA1202: 'public' members should come before 'protected' members (https://github.com/DotNetAnalyzers/StyleCopAnalyzers/blob/master/documentation/SA1202.md) [C:\ws\becauseimclever\src\BecauseImClever.Client\BecauseImClever.Client.csproj]
C:\ws\becauseimclever\src\BecauseImClever.Client\Pages\Admin\ExtensionStatisticsBase.cs(25,20): error SA1401: Field should be private (https://github.com/DotNetAnalyzers/StyleCopAnalyzers/blob/master/documentation/SA1401.md) [C:\ws\becauseimclever\src\BecauseImClever.Client\BecauseImClever.Client.csproj]
C:\ws\becauseimclever\src\BecauseImClever.Client\Pages\ContactBase.cs(36,23): error SA1401: Field should be private (https://github.com/DotNetAnalyzers/StyleCopAnalyzers/blob/master/documentation/SA1401.md) [C:\ws\becauseimclever\src\BecauseImClever.Client\BecauseImClever.Client.csproj]
C:\ws\becauseimclever\src\BecauseImClever.Client\Pages\HomeBase.cs(20,38): error SA1401: Field should be private (https://github.com/DotNetAnalyzers/StyleCopAnalyzers/blob/master/documentation/SA1401.md) [C:\ws\becauseimclever\src\BecauseImClever.Client\BecauseImClever.Client.csproj]
C:\ws\becauseimclever\src\BecauseImClever.Client\Pages\ContactBase.cs(21,30): error SA1201: A field should not follow a property (https://github.com/DotNetAnalyzers/StyleCopAnalyzers/blob/master/documentation/SA1201.md) [C:\ws\becauseimclever\src\BecauseImClever.Client\BecauseImClever.Client.csproj]
C:\ws\becauseimclever\src\BecauseImClever.Client\Pages\Admin\ExtensionStatisticsBase.cs(20,44): error SA1401: Field should be private (https://github.com/DotNetAnalyzers/StyleCopAnalyzers/blob/master/documentation/SA1401.md) [C:\ws\becauseimclever\src\BecauseImClever.Client\BecauseImClever.Client.csproj]
C:\ws\becauseimclever\src\BecauseImClever.Client\Pages\ClockBase.cs(20,28): error SA1401: Field should be private (https://github.com/DotNetAnalyzers/StyleCopAnalyzers/blob/master/documentation/SA1401.md) [C:\ws\becauseimclever\src\BecauseImClever.Client\BecauseImClever.Client.csproj]
C:\ws\becauseimclever\src\BecauseImClever.Client\Pages\BlogBase.cs(24,30): error SA1401: Field should be private (https://github.com/DotNetAnalyzers/StyleCopAnalyzers/blob/master/documentation/SA1401.md) [C:\ws\becauseimclever\src\BecauseImClever.Client\BecauseImClever.Client.csproj]
C:\ws\becauseimclever\src\BecauseImClever.Client\Pages\BlogBase.cs(29,20): error SA1401: Field should be private (https://github.com/DotNetAnalyzers/StyleCopAnalyzers/blob/master/documentation/SA1401.md) [C:\ws\becauseimclever\src\BecauseImClever.Client\BecauseImClever.Client.csproj]
C:\ws\becauseimclever\src\BecauseImClever.Client\Pages\BlogBase.cs(34,20): error SA1401: Field should be private (https://github.com/DotNetAnalyzers/StyleCopAnalyzers/blob/master/documentation/SA1401.md) [C:\ws\becauseimclever\src\BecauseImClever.Client\BecauseImClever.Client.csproj]
C:\ws\becauseimclever\src\BecauseImClever.Client\Pages\Admin\SettingsBase.cs(24,32): error SA1201: A field should not follow a property (https://github.com/DotNetAnalyzers/StyleCopAnalyzers/blob/master/documentation/SA1201.md) [C:\ws\becauseimclever\src\BecauseImClever.Client\BecauseImClever.Client.csproj]
C:\ws\becauseimclever\src\BecauseImClever.Client\Pages\Admin\SettingsBase.cs(114,20): error SA1202: 'protected' members should come before 'private' members (https://github.com/DotNetAnalyzers/StyleCopAnalyzers/blob/master/documentation/SA1202.md) [C:\ws\becauseimclever\src\BecauseImClever.Client\BecauseImClever.Client.csproj]
C:\ws\becauseimclever\src\BecauseImClever.Client\Pages\PostBase.cs(26,25): error SA1201: A field should not follow a property (https://github.com/DotNetAnalyzers/StyleCopAnalyzers/blob/master/documentation/SA1201.md) [C:\ws\becauseimclever\src\BecauseImClever.Client\BecauseImClever.Client.csproj]
C:\ws\becauseimclever\src\BecauseImClever.Client\Pages\PostBase.cs(21,19): error SA1202: 'public' members should come before 'private' members (https://github.com/DotNetAnalyzers/StyleCopAnalyzers/blob/master/documentation/SA1202.md) [C:\ws\becauseimclever\src\BecauseImClever.Client\BecauseImClever.Client.csproj]
C:\ws\becauseimclever\src\BecauseImClever.Client\Pages\Admin\SettingsBase.cs(24,32): error SA1401: Field should be private (https://github.com/DotNetAnalyzers/StyleCopAnalyzers/blob/master/documentation/SA1401.md) [C:\ws\becauseimclever\src\BecauseImClever.Client\BecauseImClever.Client.csproj]
C:\ws\becauseimclever\src\BecauseImClever.Client\Pages\Admin\SettingsBase.cs(29,20): error SA1401: Field should be private (https://github.com/DotNetAnalyzers/StyleCopAnalyzers/blob/master/documentation/SA1401.md) [C:\ws\becauseimclever\src\BecauseImClever.Client\BecauseImClever.Client.csproj]
C:\ws\becauseimclever\src\BecauseImClever.Client\Pages\Admin\SettingsBase.cs(34,20): error SA1401: Field should be private (https://github.com/DotNetAnalyzers/StyleCopAnalyzers/blob/master/documentation/SA1401.md) [C:\ws\becauseimclever\src\BecauseImClever.Client\BecauseImClever.Client.csproj]
C:\ws\becauseimclever\src\BecauseImClever.Client\Pages\Admin\SettingsBase.cs(39,23): error SA1401: Field should be private (https://github.com/DotNetAnalyzers/StyleCopAnalyzers/blob/master/documentation/SA1401.md) [C:\ws\becauseimclever\src\BecauseImClever.Client\BecauseImClever.Client.csproj]
C:\ws\becauseimclever\src\BecauseImClever.Client\Pages\ProjectsBase.cs(20,37): error SA1201: A field should not follow a property (https://github.com/DotNetAnalyzers/StyleCopAnalyzers/blob/master/documentation/SA1201.md) [C:\ws\becauseimclever\src\BecauseImClever.Client\BecauseImClever.Client.csproj]
C:\ws\becauseimclever\src\BecauseImClever.Client\Pages\Admin\SettingsBase.cs(44,20): error SA1401: Field should be private (https://github.com/DotNetAnalyzers/StyleCopAnalyzers/blob/master/documentation/SA1401.md) [C:\ws\becauseimclever\src\BecauseImClever.Client\BecauseImClever.Client.csproj]
C:\ws\becauseimclever\src\BecauseImClever.Client\Pages\Admin\SettingsBase.cs(49,22): error SA1401: Field should be private (https://github.com/DotNetAnalyzers/StyleCopAnalyzers/blob/master/documentation/SA1401.md) [C:\ws\becauseimclever\src\BecauseImClever.Client\BecauseImClever.Client.csproj]
C:\ws\becauseimclever\src\BecauseImClever.Client\Pages\Admin\SettingsBase.cs(54,22): error SA1401: Field should be private (https://github.com/DotNetAnalyzers/StyleCopAnalyzers/blob/master/documentation/SA1401.md) [C:\ws\becauseimclever\src\BecauseImClever.Client\BecauseImClever.Client.csproj]
C:\ws\becauseimclever\src\BecauseImClever.Client\Pages\Admin\ExtensionStatisticsBase.cs(20,44): error SA1201: A field should not follow a property (https://github.com/DotNetAnalyzers/StyleCopAnalyzers/blob/master/documentation/SA1201.md) [C:\ws\becauseimclever\src\BecauseImClever.Client\BecauseImClever.Client.csproj]
C:\ws\becauseimclever\src\BecauseImClever.Client\Pages\Admin\ExtensionStatisticsBase.cs(45,29): error SA1204: Static members should appear before non-static members (https://github.com/DotNetAnalyzers/StyleCopAnalyzers/blob/master/documentation/SA1204.md) [C:\ws\becauseimclever\src\BecauseImClever.Client\BecauseImClever.Client.csproj]
C:\ws\becauseimclever\src\BecauseImClever.Client\Pages\Admin\SettingsBase.cs(59,20): error SA1401: Field should be private (https://github.com/DotNetAnalyzers/StyleCopAnalyzers/blob/master/documentation/SA1401.md) [C:\ws\becauseimclever\src\BecauseImClever.Client\BecauseImClever.Client.csproj]
C:\ws\becauseimclever\src\BecauseImClever.Client\Pages\Admin\SettingsBase.cs(64,23): error SA1401: Field should be private (https://github.com/DotNetAnalyzers/StyleCopAnalyzers/blob/master/documentation/SA1401.md) [C:\ws\becauseimclever\src\BecauseImClever.Client\BecauseImClever.Client.csproj]
C:\ws\becauseimclever\src\BecauseImClever.Client\Pages\ProjectsBase.cs(20,37): error SA1401: Field should be private (https://github.com/DotNetAnalyzers/StyleCopAnalyzers/blob/master/documentation/SA1401.md) [C:\ws\becauseimclever\src\BecauseImClever.Client\BecauseImClever.Client.csproj]
C:\ws\becauseimclever\src\BecauseImClever.Client\Pages\PostBase.cs(31,20): error SA1401: Field should be private (https://github.com/DotNetAnalyzers/StyleCopAnalyzers/blob/master/documentation/SA1401.md) [C:\ws\becauseimclever\src\BecauseImClever.Client\BecauseImClever.Client.csproj]
C:\ws\becauseimclever\src\BecauseImClever.Client\Pages\PostBase.cs(26,25): error SA1401: Field should be private (https://github.com/DotNetAnalyzers/StyleCopAnalyzers/blob/master/documentation/SA1401.md) [C:\ws\becauseimclever\src\BecauseImClever.Client\BecauseImClever.Client.csproj]
C:\ws\becauseimclever\src\BecauseImClever.Client\Pages\Admin\PostsBase.cs(25,38): error SA1201: A field should not follow a property (https://github.com/DotNetAnalyzers/StyleCopAnalyzers/blob/master/documentation/SA1201.md) [C:\ws\becauseimclever\src\BecauseImClever.Client\BecauseImClever.Client.csproj]
C:\ws\becauseimclever\src\BecauseImClever.Client\Pages\Admin\PostsBase.cs(93,20): error SA1202: 'protected' members should come before 'private' members (https://github.com/DotNetAnalyzers/StyleCopAnalyzers/blob/master/documentation/SA1202.md) [C:\ws\becauseimclever\src\BecauseImClever.Client\BecauseImClever.Client.csproj]
C:\ws\becauseimclever\src\BecauseImClever.Client\Pages\Admin\PostsBase.cs(25,38): error SA1401: Field should be private (https://github.com/DotNetAnalyzers/StyleCopAnalyzers/blob/master/documentation/SA1401.md) [C:\ws\becauseimclever\src\BecauseImClever.Client\BecauseImClever.Client.csproj]
C:\ws\becauseimclever\src\BecauseImClever.Client\Pages\Admin\PostsBase.cs(30,45): error SA1401: Field should be private (https://github.com/DotNetAnalyzers/StyleCopAnalyzers/blob/master/documentation/SA1401.md) [C:\ws\becauseimclever\src\BecauseImClever.Client\BecauseImClever.Client.csproj]
C:\ws\becauseimclever\src\BecauseImClever.Client\Pages\Admin\PostsBase.cs(35,31): error SA1401: Field should be private (https://github.com/DotNetAnalyzers/StyleCopAnalyzers/blob/master/documentation/SA1401.md) [C:\ws\becauseimclever\src\BecauseImClever.Client\BecauseImClever.Client.csproj]
C:\ws\becauseimclever\src\BecauseImClever.Client\Pages\Admin\PostsBase.cs(40,20): error SA1401: Field should be private (https://github.com/DotNetAnalyzers/StyleCopAnalyzers/blob/master/documentation/SA1401.md) [C:\ws\becauseimclever\src\BecauseImClever.Client\BecauseImClever.Client.csproj]
C:\ws\becauseimclever\src\BecauseImClever.Client\Pages\Admin\PostsBase.cs(45,23): error SA1401: Field should be private (https://github.com/DotNetAnalyzers/StyleCopAnalyzers/blob/master/documentation/SA1401.md) [C:\ws\becauseimclever\src\BecauseImClever.Client\BecauseImClever.Client.csproj]
C:\ws\becauseimclever\src\BecauseImClever.Client\Pages\Admin\PostsBase.cs(50,23): error SA1401: Field should be private (https://github.com/DotNetAnalyzers/StyleCopAnalyzers/blob/master/documentation/SA1401.md) [C:\ws\becauseimclever\src\BecauseImClever.Client\BecauseImClever.Client.csproj]
C:\ws\becauseimclever\src\BecauseImClever.Client\Pages\Admin\PostsBase.cs(55,22): error SA1401: Field should be private (https://github.com/DotNetAnalyzers/StyleCopAnalyzers/blob/master/documentation/SA1401.md) [C:\ws\becauseimclever\src\BecauseImClever.Client\BecauseImClever.Client.csproj]
C:\ws\becauseimclever\src\BecauseImClever.Client\Pages\Admin\PostsBase.cs(60,22): error SA1401: Field should be private (https://github.com/DotNetAnalyzers/StyleCopAnalyzers/blob/master/documentation/SA1401.md) [C:\ws\becauseimclever\src\BecauseImClever.Client\BecauseImClever.Client.csproj]
C:\ws\becauseimclever\src\BecauseImClever.Client\Pages\ContactBase.cs(21,30): error SA1401: Field should be private (https://github.com/DotNetAnalyzers/StyleCopAnalyzers/blob/master/documentation/SA1401.md) [C:\ws\becauseimclever\src\BecauseImClever.Client\BecauseImClever.Client.csproj]
C:\ws\becauseimclever\src\BecauseImClever.Client\Pages\Admin\PostEditorBase.cs(42,23): error SA1401: Field should be private (https://github.com/DotNetAnalyzers/StyleCopAnalyzers/blob/master/documentation/SA1401.md) [C:\ws\becauseimclever\src\BecauseImClever.Client\BecauseImClever.Client.csproj]
C:\ws\becauseimclever\src\BecauseImClever.Client\Pages\Admin\PostEditorBase.cs(35,31): error SA1201: A field should not follow a property (https://github.com/DotNetAnalyzers/StyleCopAnalyzers/blob/master/documentation/SA1201.md) [C:\ws\becauseimclever\src\BecauseImClever.Client\BecauseImClever.Client.csproj]
C:\ws\becauseimclever\src\BecauseImClever.Client\Pages\Admin\PostEditorBase.cs(30,20): error SA1202: 'public' members should come before 'private' members (https://github.com/DotNetAnalyzers/StyleCopAnalyzers/blob/master/documentation/SA1202.md) [C:\ws\becauseimclever\src\BecauseImClever.Client\BecauseImClever.Client.csproj]
C:\ws\becauseimclever\src\BecauseImClever.Client\Pages\Admin\PostEditorBase.cs(42,23): error SA1202: 'protected' members should come before 'private' members (https://github.com/DotNetAnalyzers/StyleCopAnalyzers/blob/master/documentation/SA1202.md) [C:\ws\becauseimclever\src\BecauseImClever.Client\BecauseImClever.Client.csproj]
C:\ws\becauseimclever\src\BecauseImClever.Client\Pages\Admin\PostEditorBase.cs(85,23): error SA1202: 'protected' members should come before 'private' members (https://github.com/DotNetAnalyzers/StyleCopAnalyzers/blob/master/documentation/SA1202.md) [C:\ws\becauseimclever\src\BecauseImClever.Client\BecauseImClever.Client.csproj]
C:\ws\becauseimclever\src\BecauseImClever.Client\Pages\Admin\PostEditorBase.cs(110,28): error SA1202: 'protected' members should come before 'private' members (https://github.com/DotNetAnalyzers/StyleCopAnalyzers/blob/master/documentation/SA1202.md) [C:\ws\becauseimclever\src\BecauseImClever.Client\BecauseImClever.Client.csproj]
C:\ws\becauseimclever\src\BecauseImClever.Client\Pages\Admin\PostEditorBase.cs(232,20): error SA1202: 'protected' members should come before 'private' members (https://github.com/DotNetAnalyzers/StyleCopAnalyzers/blob/master/documentation/SA1202.md) [C:\ws\becauseimclever\src\BecauseImClever.Client\BecauseImClever.Client.csproj]
C:\ws\becauseimclever\src\BecauseImClever.Client\Pages\Admin\PostEditorBase.cs(392,22): error SA1202: 'protected' members should come before 'private' members (https://github.com/DotNetAnalyzers/StyleCopAnalyzers/blob/master/documentation/SA1202.md) [C:\ws\becauseimclever\src\BecauseImClever.Client\BecauseImClever.Client.csproj]
C:\ws\becauseimclever\src\BecauseImClever.Client\Pages\Admin\PostEditorBase.cs(425,17): error SA1202: 'public' members should come before 'protected' members (https://github.com/DotNetAnalyzers/StyleCopAnalyzers/blob/master/documentation/SA1202.md) [C:\ws\becauseimclever\src\BecauseImClever.Client\BecauseImClever.Client.csproj]
C:\ws\becauseimclever\src\BecauseImClever.Client\Pages\Admin\PostEditorBase.cs(473,20): error SA1202: 'protected' members should come before 'private' members (https://github.com/DotNetAnalyzers/StyleCopAnalyzers/blob/master/documentation/SA1202.md) [C:\ws\becauseimclever\src\BecauseImClever.Client\BecauseImClever.Client.csproj]
C:\ws\becauseimclever\src\BecauseImClever.Client\Pages\Admin\PostEditorBase.cs(515,20): error SA1202: 'protected' members should come before 'private' members (https://github.com/DotNetAnalyzers/StyleCopAnalyzers/blob/master/documentation/SA1202.md) [C:\ws\becauseimclever\src\BecauseImClever.Client\BecauseImClever.Client.csproj]
C:\ws\becauseimclever\src\BecauseImClever.Client\Pages\Admin\PostEditorBase.cs(842,17): error SA1202: 'public' members should come before 'private' members (https://github.com/DotNetAnalyzers/StyleCopAnalyzers/blob/master/documentation/SA1202.md) [C:\ws\becauseimclever\src\BecauseImClever.Client\BecauseImClever.Client.csproj]
C:\ws\becauseimclever\src\BecauseImClever.Client\Pages\Admin\PostEditorBase.cs(80,23): error SA1203: Constant fields should appear before non-constant fields (https://github.com/DotNetAnalyzers/StyleCopAnalyzers/blob/master/documentation/SA1203.md) [C:\ws\becauseimclever\src\BecauseImClever.Client\BecauseImClever.Client.csproj]
C:\ws\becauseimclever\src\BecauseImClever.Client\Pages\Admin\PostEditorBase.cs(103,23): error SA1203: Constant fields should appear before non-constant fields (https://github.com/DotNetAnalyzers/StyleCopAnalyzers/blob/master/documentation/SA1203.md) [C:\ws\becauseimclever\src\BecauseImClever.Client\BecauseImClever.Client.csproj]
C:\ws\becauseimclever\src\BecauseImClever.Client\Pages\Admin\PostEditorBase.cs(47,20): error SA1401: Field should be private (https://github.com/DotNetAnalyzers/StyleCopAnalyzers/blob/master/documentation/SA1401.md) [C:\ws\becauseimclever\src\BecauseImClever.Client\BecauseImClever.Client.csproj]
C:\ws\becauseimclever\src\BecauseImClever.Client\Pages\Admin\PostEditorBase.cs(353,28): error SA1204: Static members should appear before non-static members (https://github.com/DotNetAnalyzers/StyleCopAnalyzers/blob/master/documentation/SA1204.md) [C:\ws\becauseimclever\src\BecauseImClever.Client\BecauseImClever.Client.csproj]
C:\ws\becauseimclever\src\BecauseImClever.Client\Pages\Admin\PostEditorBase.cs(723,29): error SA1204: Static members should appear before non-static members (https://github.com/DotNetAnalyzers/StyleCopAnalyzers/blob/master/documentation/SA1204.md) [C:\ws\becauseimclever\src\BecauseImClever.Client\BecauseImClever.Client.csproj]
C:\ws\becauseimclever\src\BecauseImClever.Client\Pages\Admin\PostEditorBase.cs(813,36): error SA1204: Static members should appear before non-static members (https://github.com/DotNetAnalyzers/StyleCopAnalyzers/blob/master/documentation/SA1204.md) [C:\ws\becauseimclever\src\BecauseImClever.Client\BecauseImClever.Client.csproj]
C:\ws\becauseimclever\src\BecauseImClever.Client\Pages\Admin\PostEditorBase.cs(52,20): error SA1401: Field should be private (https://github.com/DotNetAnalyzers/StyleCopAnalyzers/blob/master/documentation/SA1401.md) [C:\ws\becauseimclever\src\BecauseImClever.Client\BecauseImClever.Client.csproj]
C:\ws\becauseimclever\src\BecauseImClever.Client\Pages\Admin\PostEditorBase.cs(62,20): error SA1401: Field should be private (https://github.com/DotNetAnalyzers/StyleCopAnalyzers/blob/master/documentation/SA1401.md) [C:\ws\becauseimclever\src\BecauseImClever.Client\BecauseImClever.Client.csproj]
C:\ws\becauseimclever\src\BecauseImClever.Client\Pages\Admin\PostEditorBase.cs(57,20): error SA1401: Field should be private (https://github.com/DotNetAnalyzers/StyleCopAnalyzers/blob/master/documentation/SA1401.md) [C:\ws\becauseimclever\src\BecauseImClever.Client\BecauseImClever.Client.csproj]
C:\ws\becauseimclever\src\BecauseImClever.Client\Pages\Admin\PostEditorBase.cs(67,20): error SA1401: Field should be private (https://github.com/DotNetAnalyzers/StyleCopAnalyzers/blob/master/documentation/SA1401.md) [C:\ws\becauseimclever\src\BecauseImClever.Client\BecauseImClever.Client.csproj]
C:\ws\becauseimclever\src\BecauseImClever.Client\Pages\Admin\PostEditorBase.cs(72,20): error SA1401: Field should be private (https://github.com/DotNetAnalyzers/StyleCopAnalyzers/blob/master/documentation/SA1401.md) [C:\ws\becauseimclever\src\BecauseImClever.Client\BecauseImClever.Client.csproj]
C:\ws\becauseimclever\src\BecauseImClever.Client\Pages\Admin\PostEditorBase.cs(77,25): error SA1401: Field should be private (https://github.com/DotNetAnalyzers/StyleCopAnalyzers/blob/master/documentation/SA1401.md) [C:\ws\becauseimclever\src\BecauseImClever.Client\BecauseImClever.Client.csproj]
C:\ws\becauseimclever\src\BecauseImClever.Client\Pages\Admin\PostEditorBase.cs(85,23): error SA1401: Field should be private (https://github.com/DotNetAnalyzers/StyleCopAnalyzers/blob/master/documentation/SA1401.md) [C:\ws\becauseimclever\src\BecauseImClever.Client\BecauseImClever.Client.csproj]
C:\ws\becauseimclever\src\BecauseImClever.Client\Pages\Admin\PostEditorBase.cs(90,23): error SA1401: Field should be private (https://github.com/DotNetAnalyzers/StyleCopAnalyzers/blob/master/documentation/SA1401.md) [C:\ws\becauseimclever\src\BecauseImClever.Client\BecauseImClever.Client.csproj]
C:\ws\becauseimclever\src\BecauseImClever.Client\Pages\Admin\PostEditorBase.cs(95,20): error SA1401: Field should be private (https://github.com/DotNetAnalyzers/StyleCopAnalyzers/blob/master/documentation/SA1401.md) [C:\ws\becauseimclever\src\BecauseImClever.Client\BecauseImClever.Client.csproj]
C:\ws\becauseimclever\src\BecauseImClever.Client\Pages\Admin\PostEditorBase.cs(100,20): error SA1401: Field should be private (https://github.com/DotNetAnalyzers/StyleCopAnalyzers/blob/master/documentation/SA1401.md) [C:\ws\becauseimclever\src\BecauseImClever.Client\BecauseImClever.Client.csproj]
C:\ws\becauseimclever\src\BecauseImClever.Client\Pages\Admin\PostEditorBase.cs(110,28): error SA1401: Field should be private (https://github.com/DotNetAnalyzers/StyleCopAnalyzers/blob/master/documentation/SA1401.md) [C:\ws\becauseimclever\src\BecauseImClever.Client\BecauseImClever.Client.csproj]
C:\ws\becauseimclever\src\BecauseImClever.Client\Pages\Admin\PostEditorBase.cs(115,20): error SA1401: Field should be private (https://github.com/DotNetAnalyzers/StyleCopAnalyzers/blob/master/documentation/SA1401.md) [C:\ws\becauseimclever\src\BecauseImClever.Client\BecauseImClever.Client.csproj]
C:\ws\becauseimclever\src\BecauseImClever.Client\Pages\Admin\PostEditorBase.cs(120,20): error SA1401: Field should be private (https://github.com/DotNetAnalyzers/StyleCopAnalyzers/blob/master/documentation/SA1401.md) [C:\ws\becauseimclever\src\BecauseImClever.Client\BecauseImClever.Client.csproj]
C:\ws\becauseimclever\src\BecauseImClever.Client\Pages\Admin\PostEditorBase.cs(125,20): error SA1401: Field should be private (https://github.com/DotNetAnalyzers/StyleCopAnalyzers/blob/master/documentation/SA1401.md) [C:\ws\becauseimclever\src\BecauseImClever.Client\BecauseImClever.Client.csproj]
C:\ws\becauseimclever\src\BecauseImClever.Client\Pages\Admin\PostEditorBase.cs(127,54): error SA1311: Static readonly fields should begin with upper-case letter (https://github.com/DotNetAnalyzers/StyleCopAnalyzers/blob/master/documentation/SA1311.md) [C:\ws\becauseimclever\src\BecauseImClever.Client\BecauseImClever.Client.csproj]
C:\ws\becauseimclever\src\BecauseImClever.Client\Pages\Admin\PostEditorBase.cs(137,20): error SA1300: Element 'hasUnsavedChanges' should begin with an uppercase letter (https://github.com/DotNetAnalyzers/StyleCopAnalyzers/blob/master/documentation/SA1300.md) [C:\ws\becauseimclever\src\BecauseImClever.Client\BecauseImClever.Client.csproj]
C:\ws\becauseimclever\src\BecauseImClever.Client\Pages\ContactBase.cs(26,20): error SA1401: Field should be private (https://github.com/DotNetAnalyzers/StyleCopAnalyzers/blob/master/documentation/SA1401.md) [C:\ws\becauseimclever\src\BecauseImClever.Client\BecauseImClever.Client.csproj]
C:\ws\becauseimclever\src\BecauseImClever.Client\Pages\ContactBase.cs(31,20): error SA1401: Field should be private (https://github.com/DotNetAnalyzers/StyleCopAnalyzers/blob/master/documentation/SA1401.md) [C:\ws\becauseimclever\src\BecauseImClever.Client\BecauseImClever.Client.csproj]
C:\ws\becauseimclever\src\BecauseImClever.Client\Pages\Admin\PostEditorBase.cs(35,31): error SA1401: Field should be private (https://github.com/DotNetAnalyzers/StyleCopAnalyzers/blob/master/documentation/SA1401.md) [C:\ws\becauseimclever\src\BecauseImClever.Client\BecauseImClever.Client.csproj]
C:\ws\becauseimclever\src\BecauseImClever.Client\Pages\HomeBase.cs(20,38): error SA1201: A field should not follow a property (https://github.com/DotNetAnalyzers/StyleCopAnalyzers/blob/master/documentation/SA1201.md) [C:\ws\becauseimclever\src\BecauseImClever.Client\BecauseImClever.Client.csproj]
C:\ws\becauseimclever\src\BecauseImClever.Client\Components\ExtensionWarningBannerBase.cs(36,39): error SA1401: Field should be private (https://github.com/DotNetAnalyzers/StyleCopAnalyzers/blob/master/documentation/SA1401.md) [C:\ws\becauseimclever\src\BecauseImClever.Client\BecauseImClever.Client.csproj]
C:\ws\becauseimclever\src\BecauseImClever.Client\Components\ExtensionWarningBannerBase.cs(41,20): error SA1401: Field should be private (https://github.com/DotNetAnalyzers/StyleCopAnalyzers/blob/master/documentation/SA1401.md) [C:\ws\becauseimclever\src\BecauseImClever.Client\BecauseImClever.Client.csproj]
C:\ws\becauseimclever\src\BecauseImClever.Client\Components\ExtensionWarningBannerBase.cs(36,39): error SA1201: A field should not follow a property (https://github.com/DotNetAnalyzers/StyleCopAnalyzers/blob/master/documentation/SA1201.md) [C:\ws\becauseimclever\src\BecauseImClever.Client\BecauseImClever.Client.csproj]
C:\ws\becauseimclever\src\BecauseImClever.Client\Components\ExtensionWarningBannerBase.cs(112,26): error SA1202: 'protected' members should come before 'private' members (https://github.com/DotNetAnalyzers/StyleCopAnalyzers/blob/master/documentation/SA1202.md) [C:\ws\becauseimclever\src\BecauseImClever.Client\BecauseImClever.Client.csproj]
C:\ws\becauseimclever\src\BecauseImClever.Client\Components\ConsentBannerBase.cs(31,21): error SA1615: Element return value should be documented (https://github.com/DotNetAnalyzers/StyleCopAnalyzers/blob/master/documentation/SA1615.md) [C:\ws\becauseimclever\src\BecauseImClever.Client\BecauseImClever.Client.csproj]
C:\ws\becauseimclever\src\BecauseImClever.Client\Components\ConsentBannerBase.cs(40,21): error SA1615: Element return value should be documented (https://github.com/DotNetAnalyzers/StyleCopAnalyzers/blob/master/documentation/SA1615.md) [C:\ws\becauseimclever\src\BecauseImClever.Client\BecauseImClever.Client.csproj]
C:\ws\becauseimclever\src\BecauseImClever.Client\Layout\AdminLayoutBase.cs(89,21): error SA1615: Element return value should be documented (https://github.com/DotNetAnalyzers/StyleCopAnalyzers/blob/master/documentation/SA1615.md) [C:\ws\becauseimclever\src\BecauseImClever.Client\BecauseImClever.Client.csproj]
C:\ws\becauseimclever\src\BecauseImClever.Client\Layout\MainLayoutBase.cs(39,21): error SA1615: Element return value should be documented (https://github.com/DotNetAnalyzers/StyleCopAnalyzers/blob/master/documentation/SA1615.md) [C:\ws\becauseimclever\src\BecauseImClever.Client\BecauseImClever.Client.csproj]
C:\ws\becauseimclever\src\BecauseImClever.Client\Components\DataDeletionFormBase.cs(32,21): error SA1615: Element return value should be documented (https://github.com/DotNetAnalyzers/StyleCopAnalyzers/blob/master/documentation/SA1615.md) [C:\ws\becauseimclever\src\BecauseImClever.Client\BecauseImClever.Client.csproj]
C:\ws\becauseimclever\src\BecauseImClever.Client\Components\ExtensionWarningBannerBase.cs(112,21): error SA1615: Element return value should be documented (https://github.com/DotNetAnalyzers/StyleCopAnalyzers/blob/master/documentation/SA1615.md) [C:\ws\becauseimclever\src\BecauseImClever.Client\BecauseImClever.Client.csproj]
C:\ws\becauseimclever\src\BecauseImClever.Client\Components\ImageUploadDialogBase.cs(102,21): error SA1615: Element return value should be documented (https://github.com/DotNetAnalyzers/StyleCopAnalyzers/blob/master/documentation/SA1615.md) [C:\ws\becauseimclever\src\BecauseImClever.Client\BecauseImClever.Client.csproj]
C:\ws\becauseimclever\src\BecauseImClever.Client\Components\ImageUploadDialogBase.cs(115,15): error CA2022: Avoid inexact read with 'System.IO.Stream.ReadAsync(System.Memory<byte>, System.Threading.CancellationToken)' (https://learn.microsoft.com/dotnet/fundamentals/code-analysis/quality-rules/ca2022) [C:\ws\becauseimclever\src\BecauseImClever.Client\BecauseImClever.Client.csproj]
C:\ws\becauseimclever\src\BecauseImClever.Client\Pages\ContactBase.cs(41,21): error SA1615: Element return value should be documented (https://github.com/DotNetAnalyzers/StyleCopAnalyzers/blob/master/documentation/SA1615.md) [C:\ws\becauseimclever\src\BecauseImClever.Client\BecauseImClever.Client.csproj]
C:\ws\becauseimclever\src\BecauseImClever.Client\Components\ImageUploadDialogBase.cs(139,21): error SA1615: Element return value should be documented (https://github.com/DotNetAnalyzers/StyleCopAnalyzers/blob/master/documentation/SA1615.md) [C:\ws\becauseimclever\src\BecauseImClever.Client\BecauseImClever.Client.csproj]
C:\ws\becauseimclever\src\BecauseImClever.Client\Pages\ClockBase.cs(56,25): error SA1407: Arithmetic expressions should declare precedence (https://github.com/DotNetAnalyzers/StyleCopAnalyzers/blob/master/documentation/SA1407.md) [C:\ws\becauseimclever\src\BecauseImClever.Client\BecauseImClever.Client.csproj]
C:\ws\becauseimclever\src\BecauseImClever.Client\Pages\ClockBase.cs(56,61): error SA1407: Arithmetic expressions should declare precedence (https://github.com/DotNetAnalyzers/StyleCopAnalyzers/blob/master/documentation/SA1407.md) [C:\ws\becauseimclever\src\BecauseImClever.Client\BecauseImClever.Client.csproj]
C:\ws\becauseimclever\src\BecauseImClever.Client\Pages\ClockBase.cs(66,27): error SA1407: Arithmetic expressions should declare precedence (https://github.com/DotNetAnalyzers/StyleCopAnalyzers/blob/master/documentation/SA1407.md) [C:\ws\becauseimclever\src\BecauseImClever.Client\BecauseImClever.Client.csproj]
C:\ws\becauseimclever\src\BecauseImClever.Client\Pages\ClockBase.cs(66,57): error SA1407: Arithmetic expressions should declare precedence (https://github.com/DotNetAnalyzers/StyleCopAnalyzers/blob/master/documentation/SA1407.md) [C:\ws\becauseimclever\src\BecauseImClever.Client\BecauseImClever.Client.csproj]
C:\ws\becauseimclever\src\BecauseImClever.Client\Components\ImageUploadDialogBase.cs(160,21): error SA1615: Element return value should be documented (https://github.com/DotNetAnalyzers/StyleCopAnalyzers/blob/master/documentation/SA1615.md) [C:\ws\becauseimclever\src\BecauseImClever.Client\BecauseImClever.Client.csproj]
C:\ws\becauseimclever\src\BecauseImClever.Client\Components\ImageUploadDialogBase.cs(206,21): error SA1615: Element return value should be documented (https://github.com/DotNetAnalyzers/StyleCopAnalyzers/blob/master/documentation/SA1615.md) [C:\ws\becauseimclever\src\BecauseImClever.Client\BecauseImClever.Client.csproj]
C:\ws\becauseimclever\src\BecauseImClever.Client\Components\ImageUploadDialogBase.cs(216,21): error SA1615: Element return value should be documented (https://github.com/DotNetAnalyzers/StyleCopAnalyzers/blob/master/documentation/SA1615.md) [C:\ws\becauseimclever\src\BecauseImClever.Client\BecauseImClever.Client.csproj]
C:\ws\becauseimclever\src\BecauseImClever.Client\Components\ImageUploadDialogBase.cs(232,21): error SA1615: Element return value should be documented (https://github.com/DotNetAnalyzers/StyleCopAnalyzers/blob/master/documentation/SA1615.md) [C:\ws\becauseimclever\src\BecauseImClever.Client\BecauseImClever.Client.csproj]
C:\ws\becauseimclever\src\BecauseImClever.Client\Components\MarkdownEditorBase.cs(238,21): error SA1615: Element return value should be documented (https://github.com/DotNetAnalyzers/StyleCopAnalyzers/blob/master/documentation/SA1615.md) [C:\ws\becauseimclever\src\BecauseImClever.Client\BecauseImClever.Client.csproj]
C:\ws\becauseimclever\src\BecauseImClever.Client\Components\MarkdownEditorBase.cs(247,21): error SA1615: Element return value should be documented (https://github.com/DotNetAnalyzers/StyleCopAnalyzers/blob/master/documentation/SA1615.md) [C:\ws\becauseimclever\src\BecauseImClever.Client\BecauseImClever.Client.csproj]
C:\ws\becauseimclever\src\BecauseImClever.Client\Components\MarkdownEditorBase.cs(273,21): error SA1615: Element return value should be documented (https://github.com/DotNetAnalyzers/StyleCopAnalyzers/blob/master/documentation/SA1615.md) [C:\ws\becauseimclever\src\BecauseImClever.Client\BecauseImClever.Client.csproj]
C:\ws\becauseimclever\src\BecauseImClever.Client\Pages\Admin\SettingsBase.cs(139,21): error SA1615: Element return value should be documented (https://github.com/DotNetAnalyzers/StyleCopAnalyzers/blob/master/documentation/SA1615.md) [C:\ws\becauseimclever\src\BecauseImClever.Client\BecauseImClever.Client.csproj]
C:\ws\becauseimclever\src\BecauseImClever.Client\Components\MarkdownEditorBase.cs(291,21): error SA1615: Element return value should be documented (https://github.com/DotNetAnalyzers/StyleCopAnalyzers/blob/master/documentation/SA1615.md) [C:\ws\becauseimclever\src\BecauseImClever.Client\BecauseImClever.Client.csproj]
C:\ws\becauseimclever\src\BecauseImClever.Client\Pages\Admin\PostsBase.cs(122,21): error SA1615: Element return value should be documented (https://github.com/DotNetAnalyzers/StyleCopAnalyzers/blob/master/documentation/SA1615.md) [C:\ws\becauseimclever\src\BecauseImClever.Client\BecauseImClever.Client.csproj]
C:\ws\becauseimclever\src\BecauseImClever.Client\Pages\Admin\PostEditorBase.cs(269,21): error SA1615: Element return value should be documented (https://github.com/DotNetAnalyzers/StyleCopAnalyzers/blob/master/documentation/SA1615.md) [C:\ws\becauseimclever\src\BecauseImClever.Client\BecauseImClever.Client.csproj]
C:\ws\becauseimclever\src\BecauseImClever.Client\Components\MarkdownEditorBase.cs(337,21): error SA1615: Element return value should be documented (https://github.com/DotNetAnalyzers/StyleCopAnalyzers/blob/master/documentation/SA1615.md) [C:\ws\becauseimclever\src\BecauseImClever.Client\BecauseImClever.Client.csproj]
C:\ws\becauseimclever\src\BecauseImClever.Client\Components\MarkdownEditorBase.cs(345,41): error SA1122: Use string.Empty for empty strings (https://github.com/DotNetAnalyzers/StyleCopAnalyzers/blob/master/documentation/SA1122.md) [C:\ws\becauseimclever\src\BecauseImClever.Client\BecauseImClever.Client.csproj]
C:\ws\becauseimclever\src\BecauseImClever.Client\Components\MarkdownEditorBase.cs(346,42): error SA1122: Use string.Empty for empty strings (https://github.com/DotNetAnalyzers/StyleCopAnalyzers/blob/master/documentation/SA1122.md) [C:\ws\becauseimclever\src\BecauseImClever.Client\BecauseImClever.Client.csproj]
C:\ws\becauseimclever\src\BecauseImClever.Client\Components\MarkdownEditorBase.cs(347,43): error SA1122: Use string.Empty for empty strings (https://github.com/DotNetAnalyzers/StyleCopAnalyzers/blob/master/documentation/SA1122.md) [C:\ws\becauseimclever\src\BecauseImClever.Client\BecauseImClever.Client.csproj]
C:\ws\becauseimclever\src\BecauseImClever.Client\Components\MarkdownEditorBase.cs(352,44): error SA1122: Use string.Empty for empty strings (https://github.com/DotNetAnalyzers/StyleCopAnalyzers/blob/master/documentation/SA1122.md) [C:\ws\becauseimclever\src\BecauseImClever.Client\BecauseImClever.Client.csproj]
C:\ws\becauseimclever\src\BecauseImClever.Client\Components\MarkdownEditorBase.cs(353,49): error SA1122: Use string.Empty for empty strings (https://github.com/DotNetAnalyzers/StyleCopAnalyzers/blob/master/documentation/SA1122.md) [C:\ws\becauseimclever\src\BecauseImClever.Client\BecauseImClever.Client.csproj]
C:\ws\becauseimclever\src\BecauseImClever.Client\Components\MarkdownEditorBase.cs(354,52): error SA1122: Use string.Empty for empty strings (https://github.com/DotNetAnalyzers/StyleCopAnalyzers/blob/master/documentation/SA1122.md) [C:\ws\becauseimclever\src\BecauseImClever.Client\BecauseImClever.Client.csproj]
C:\ws\becauseimclever\src\BecauseImClever.Client\Components\MarkdownEditorBase.cs(355,19): error SA1122: Use string.Empty for empty strings (https://github.com/DotNetAnalyzers/StyleCopAnalyzers/blob/master/documentation/SA1122.md) [C:\ws\becauseimclever\src\BecauseImClever.Client\BecauseImClever.Client.csproj]
C:\ws\becauseimclever\src\BecauseImClever.Client\Components\MarkdownEditorBase.cs(355,23): error SA1122: Use string.Empty for empty strings (https://github.com/DotNetAnalyzers/StyleCopAnalyzers/blob/master/documentation/SA1122.md) [C:\ws\becauseimclever\src\BecauseImClever.Client\BecauseImClever.Client.csproj]
C:\ws\becauseimclever\src\BecauseImClever.Client\Components\MarkdownEditorBase.cs(355,27): error SA1122: Use string.Empty for empty strings (https://github.com/DotNetAnalyzers/StyleCopAnalyzers/blob/master/documentation/SA1122.md) [C:\ws\becauseimclever\src\BecauseImClever.Client\BecauseImClever.Client.csproj]
C:\ws\becauseimclever\src\BecauseImClever.Client\Components\MarkdownEditorBase.cs(373,21): error SA1615: Element return value should be documented (https://github.com/DotNetAnalyzers/StyleCopAnalyzers/blob/master/documentation/SA1615.md) [C:\ws\becauseimclever\src\BecauseImClever.Client\BecauseImClever.Client.csproj]
C:\ws\becauseimclever\src\BecauseImClever.Client\Components\MarkdownEditorBase.cs(381,21): error SA1615: Element return value should be documented (https://github.com/DotNetAnalyzers/StyleCopAnalyzers/blob/master/documentation/SA1615.md) [C:\ws\becauseimclever\src\BecauseImClever.Client\BecauseImClever.Client.csproj]
C:\ws\becauseimclever\src\BecauseImClever.Client\Pages\Admin\PostEditorBase.cs(588,21): error SA1615: Element return value should be documented (https://github.com/DotNetAnalyzers/StyleCopAnalyzers/blob/master/documentation/SA1615.md) [C:\ws\becauseimclever\src\BecauseImClever.Client\BecauseImClever.Client.csproj]
C:\ws\becauseimclever\src\BecauseImClever.Client\Pages\Admin\PostEditorBase.cs(736,21): error SA1615: Element return value should be documented (https://github.com/DotNetAnalyzers/StyleCopAnalyzers/blob/master/documentation/SA1615.md) [C:\ws\becauseimclever\src\BecauseImClever.Client\BecauseImClever.Client.csproj]
    0 Warning(s)
    170 Error(s)

Time Elapsed 00:00:01.55
